Archive member included because of file (symbol)

C:/ProgramData/MATLAB/SupportPackages/R2022b/aIDE/portable/packages/arduino/hardware/sam/1.6.12/variants/arduino_due_x/libsam_sam3x8e_gcc_rel.a(startup_sam3xa.o)
                              (Reset_Handler)
C:/ProgramData/MATLAB/SupportPackages/R2022b/aIDE/portable/packages/arduino/hardware/sam/1.6.12/variants/arduino_due_x/libsam_sam3x8e_gcc_rel.a(uotghs.o)
                              C:/ProgramData/MATLAB/SupportPackages/R2022b/aIDE/portable/packages/arduino/hardware/sam/1.6.12/variants/arduino_due_x/libsam_sam3x8e_gcc_rel.a(startup_sam3xa.o) (UOTGHS_Handler)
C:/Users/mario/DOCUME~1/MATLAB/R2022b/ARDUIN~1/ARDUIN~1/FASTER~1/libcore.a(hooks.o)
                              arm_m3_cortex_handler.o (sysTickHook)
C:/Users/mario/DOCUME~1/MATLAB/R2022b/ARDUIN~1/ARDUIN~1/FASTER~1/libcore.a(syscalls_sam3.o)
                              (_sbrk)
C:/Users/mario/DOCUME~1/MATLAB/R2022b/ARDUIN~1/ARDUIN~1/FASTER~1/libcore.a(WInterrupts.o)
                              MW_ArduinoEncoder.o (attachInterrupt)
C:/Users/mario/DOCUME~1/MATLAB/R2022b/ARDUIN~1/ARDUIN~1/FASTER~1/libcore.a(wiring.o)
                              io_wrappers.o (millis)
C:/Users/mario/DOCUME~1/MATLAB/R2022b/ARDUIN~1/ARDUIN~1/FASTER~1/libcore.a(wiring_analog.o)
                              MW_PWM.o (analogWrite)
C:/Users/mario/DOCUME~1/MATLAB/R2022b/ARDUIN~1/ARDUIN~1/FASTER~1/libcore.a(wiring_digital.o)
                              MW_arduino_digitalio.o (pinMode)
C:/Users/mario/DOCUME~1/MATLAB/R2022b/ARDUIN~1/ARDUIN~1/FASTER~1/libcore.a(Reset.o)
                              arm_m3_cortex_handler.o (tickReset)
C:/Users/mario/DOCUME~1/MATLAB/R2022b/ARDUIN~1/ARDUIN~1/FASTER~1/libcore.a(UARTClass.o)
                              rtiostream_serial_daemon.o (UARTClass::available())
C:/Users/mario/DOCUME~1/MATLAB/R2022b/ARDUIN~1/ARDUIN~1/FASTER~1/libcore.a(USARTClass.o)
                              io_wrappers.o (USARTClass::begin(unsigned long, UARTClass::UARTModes))
C:/Users/mario/DOCUME~1/MATLAB/R2022b/ARDUIN~1/ARDUIN~1/FASTER~1/libcore.a(watchdog.o)
                              MW_ArduinoHWInit.o (watchdogDisable())
C:/Users/mario/DOCUME~1/MATLAB/R2022b/ARDUIN~1/ARDUIN~1/FASTER~1/libcore.a(variant.o)
                              ert_main.o (init)
C:/Users/mario/DOCUME~1/MATLAB/R2022b/ARDUIN~1/ARDUIN~1/FASTER~1/libcore.a(abi.o)
                              C:/Users/mario/DOCUME~1/MATLAB/R2022b/ARDUIN~1/ARDUIN~1/FASTER~1/libcore.a(UARTClass.o) (__cxa_pure_virtual)
C:/Users/mario/DOCUME~1/MATLAB/R2022b/ARDUIN~1/ARDUIN~1/FASTER~1/libcore.a(Print.o)
                              C:/Users/mario/DOCUME~1/MATLAB/R2022b/ARDUIN~1/ARDUIN~1/FASTER~1/libcore.a(UARTClass.o) (Print::write(unsigned char const*, unsigned int))
C:/Users/mario/DOCUME~1/MATLAB/R2022b/ARDUIN~1/ARDUIN~1/FASTER~1/libcore.a(RingBuffer.o)
                              C:/Users/mario/DOCUME~1/MATLAB/R2022b/ARDUIN~1/ARDUIN~1/FASTER~1/libcore.a(variant.o) (RingBuffer::RingBuffer())
C:/ProgramData/MATLAB/SupportPackages/R2022b/aIDE/portable/packages/arduino/hardware/sam/1.6.12/variants/arduino_due_x/libsam_sam3x8e_gcc_rel.a(pio.o)
                              C:/Users/mario/DOCUME~1/MATLAB/R2022b/ARDUIN~1/ARDUIN~1/FASTER~1/libcore.a(wiring_digital.o) (PIO_PullUp)
C:/ProgramData/MATLAB/SupportPackages/R2022b/aIDE/portable/packages/arduino/hardware/sam/1.6.12/variants/arduino_due_x/libsam_sam3x8e_gcc_rel.a(pmc.o)
                              MW_PWMDriver.o (pmc_enable_periph_clk)
C:/ProgramData/MATLAB/SupportPackages/R2022b/aIDE/portable/packages/arduino/hardware/sam/1.6.12/variants/arduino_due_x/libsam_sam3x8e_gcc_rel.a(pwmc.o)
                              MW_PWMDriver.o (PWMC_ConfigureChannel)
C:/ProgramData/MATLAB/SupportPackages/R2022b/aIDE/portable/packages/arduino/hardware/sam/1.6.12/variants/arduino_due_x/libsam_sam3x8e_gcc_rel.a(tc.o)
                              MW_PWMDriver.o (TC_Configure)
C:/ProgramData/MATLAB/SupportPackages/R2022b/aIDE/portable/packages/arduino/hardware/sam/1.6.12/variants/arduino_due_x/libsam_sam3x8e_gcc_rel.a(timetick.o)
                              arm_m3_cortex_handler.o (TimeTick_Increment)
C:/ProgramData/MATLAB/SupportPackages/R2022b/aIDE/portable/packages/arduino/hardware/sam/1.6.12/variants/arduino_due_x/libsam_sam3x8e_gcc_rel.a(wdt.o)
                              C:/Users/mario/DOCUME~1/MATLAB/R2022b/ARDUIN~1/ARDUIN~1/FASTER~1/libcore.a(watchdog.o) (WDT_Enable)
C:/ProgramData/MATLAB/SupportPackages/R2022b/aIDE/portable/packages/arduino/hardware/sam/1.6.12/variants/arduino_due_x/libsam_sam3x8e_gcc_rel.a(system_sam3xa.o)
                              C:/Users/mario/DOCUME~1/MATLAB/R2022b/ARDUIN~1/ARDUIN~1/FASTER~1/libcore.a(variant.o) (SystemInit)
C:/ProgramData/MATLAB/SupportPackages/R2022b/aIDE/portable/packages/arduino/hardware/sam/1.6.12/variants/arduino_due_x/libsam_sam3x8e_gcc_rel.a(adc.o)
[...]
Memory Configuration

Name             Origin             Length             Attributes
rom              0x00080000         0x00080000         xr
sram0            0x20000000         0x00010000         xrw
sram1            0x20080000         0x00008000         xrw
ram              0x20070000         0x00018000         xrw
*default*        0x00000000         0xffffffff

Linker script and memory map

LOAD c:/programdata/matlab/supportpackages/r2022b/aide/portable/packages/arduino/tools/arm-none-eabi-gcc/4.8.3-2014q1/bin/../lib/gcc/arm-none-eabi/4.8.3/armv7-m/crti.o
LOAD c:/programdata/matlab/supportpackages/r2022b/aide/portable/packages/arduino/tools/arm-none-eabi-gcc/4.8.3-2014q1/bin/../lib/gcc/arm-none-eabi/4.8.3/armv7-m/crtbegin.o
LOAD c:/programdata/matlab/supportpackages/r2022b/aide/portable/packages/arduino/tools/arm-none-eabi-gcc/4.8.3-2014q1/bin/../lib/gcc/arm-none-eabi/4.8.3/../../../../arm-none-eabi/lib/armv7-m/crt0.o
START GROUP
LOAD C:/ProgramData/MATLAB/SupportPackages/R2022b/aIDE/portable/packages/arduino/hardware/sam/1.6.12/variants/arduino_due_x/libsam_sam3x8e_gcc_rel.a
LOAD MW_arduino_digitalio.o
LOAD MW_ArduinoEncoder.o
LOAD MW_PWM.o
LOAD MW_PWMDriver.o
LOAD ArduinoPinHandleMap.o
LOAD xcp_ext_mode.o
LOAD DC_MOTOR_CONTROL.o
LOAD DC_MOTOR_CONTROL_data.o
LOAD rtGetInf.o
LOAD rtGetNaN.o
LOAD rt_nonfinite.o
LOAD xcp_ext_common.o
LOAD xcp_ext_classic_trigger.o
LOAD xcp.o
LOAD xcp_standard.o
LOAD xcp_daq.o
LOAD xcp_calibration.o
LOAD xcp_fifo.o
LOAD xcp_transport.o
LOAD xcp_mem_default.o
LOAD xcp_drv_rtiostream.o
LOAD xcp_utils.o
LOAD xcp_frame_serial.o
LOAD xcp_ext_param_default_serial.o
LOAD arm_m3_cortex_handler.o
LOAD MW_ArduinoHWInit.o
LOAD io_wrappers.o
LOAD arduinoARMScheduler.o
LOAD m3m4m4f_multitasking.o
LOAD rtiostream_serial_daemon.o
LOAD sys_arch.o
LOAD ert_main.o
LOAD C:/Users/mario/DOCUME~1/MATLAB/R2022b/ARDUIN~1/ARDUIN~1/FASTER~1/MW_RebuildSrc_Core.o
LOAD C:/Users/mario/DOCUME~1/MATLAB/R2022b/ARDUIN~1/ARDUIN~1/FASTER~1/libcore.a
END GROUP
LOAD c:/programdata/matlab/supportpackages/r2022b/aide/portable/packages/arduino/tools/arm-none-eabi-gcc/4.8.3-2014q1/bin/../lib/gcc/arm-none-eabi/4.8.3/../../../../arm-none-eabi/lib/armv7-m\libm.a
LOAD C:/Users/mario/DOCUME~1/MATLAB/R2022b/ARDUIN~1/ARDUIN~1/FASTER~1\libcore.a
START GROUP
LOAD c:/programdata/matlab/supportpackages/r2022b/aide/portable/packages/arduino/tools/arm-none-eabi-gcc/4.8.3-2014q1/bin/../lib/gcc/arm-none-eabi/4.8.3/armv7-m\libgcc.a
LOAD c:/programdata/matlab/supportpackages/r2022b/aide/portable/packages/arduino/tools/arm-none-eabi-gcc/4.8.3-2014q1/bin/../lib/gcc/arm-none-eabi/4.8.3/../../../../arm-none-eabi/lib/armv7-m\libg.a
LOAD c:/programdata/matlab/supportpackages/r2022b/aide/portable/packages/arduino/tools/arm-none-eabi-gcc/4.8.3-2014q1/bin/../lib/gcc/arm-none-eabi/4.8.3/../../../../arm-none-eabi/lib/armv7-m\libc.a
END GROUP
LOAD c:/programdata/matlab/supportpackages/r2022b/aide/portable/packages/arduino/tools/arm-none-eabi-gcc/4.8.3-2014q1/bin/../lib/gcc/arm-none-eabi/4.8.3/armv7-m/crtend.o
LOAD c:/programdata/matlab/supportpackages/r2022b/aide/portable/packages/arduino/tools/arm-none-eabi-gcc/4.8.3-2014q1/bin/../lib/gcc/arm-none-eabi/4.8.3/armv7-m/crtn.o

.text           0x00080000     0xdd60
                0x00080000                . = ALIGN (0x4)
                0x00080000                _sfixed = .
 *(.vectors .vectors.*)
 .vectors       0x00080000       0xf4 C:/ProgramData/MATLAB/SupportPackages/R2022b/aIDE/portable/packages/arduino/hardware/sam/1.6.12/variants/arduino_due_x/libsam_sam3x8e_gcc_rel.a(startup_sam3xa.o)
                0x00080000                exception_table
 *(.text .text.* .gnu.linkonce.t.*)
 .text          0x000800f4       0x54 c:/programdata/matlab/supportpackages/r2022b/aide/portable/packages/arduino/tools/arm-none-eabi-gcc/4.8.3-2014q1/bin/../lib/gcc/arm-none-eabi/4.8.3/armv7-m/crtbegin.o
 .text.Reset_Handler
                0x00080148       0x78 C:/ProgramData/MATLAB/SupportPackages/R2022b/aIDE/portable/packages/arduino/hardware/sam/1.6.12/variants/arduino_due_x/libsam_sam3x8e_gcc_rel.a(startup_sam3xa.o)
                0x00080148                Reset_Handler
 .text.UOTGHS_Handler
                0x000801c0       0x10 C:/ProgramData/MATLAB/SupportPackages/R2022b/aIDE/portable/packages/arduino/hardware/sam/1.6.12/variants/arduino_due_x/libsam_sam3x8e_gcc_rel.a(uotghs.o)
                0x000801c0                UOTGHS_Handler
 .text.digitalIOSetup
                0x000801d0        0xc MW_arduino_digitalio.o
                0x000801d0                digitalIOSetup
 .text.writeDigitalPin
                0x000801dc        0x8 MW_arduino_digitalio.o
                0x000801dc                writeDigitalPin
 .text._ZL8debounceh
                0x000801e4       0x3c MW_ArduinoEncoder.o
 .text._ZL15EncoderProcessAP14arduinoEncoder
                0x00080220       0x2e MW_ArduinoEncoder.o
 *fill*         0x0008024e        0x2 
 .text._Z6ISR1_Av
                0x00080250        0xc MW_ArduinoEncoder.o
                0x00080250                ISR1_A()
 .text._Z6ISR2_Av
                0x0008025c        0xc MW_ArduinoEncoder.o
                0x0008025c                ISR2_A()
 .text._Z6ISR3_Av
                0x00080268        0xc MW_ArduinoEncoder.o
                0x00080268                ISR3_A()
 .text._Z6ISR4_Av
                0x00080274        0xc MW_ArduinoEncoder.o
                0x00080274                ISR4_A()
 .text._ZL15EncoderProcessBP14arduinoEncoder
                0x00080280       0x30 MW_ArduinoEncoder.o
 .text._Z6ISR1_Bv
                0x000802b0        0xc MW_ArduinoEncoder.o
                0x000802b0                ISR1_B()
 .text._Z6ISR2_Bv
                0x000802bc        0xc MW_ArduinoEncoder.o
                0x000802bc                ISR2_B()
 .text._Z6ISR3_Bv
                0x000802c8        0xc MW_ArduinoEncoder.o
                0x000802c8                ISR3_B()
 .text._Z6ISR4_Bv
                0x000802d4        0xc MW_ArduinoEncoder.o
                0x000802d4                ISR4_B()
 .text.MW_EncoderSetup
                0x000802e0       0xf8 MW_ArduinoEncoder.o
                0x000802e0                MW_EncoderSetup
 .text.MW_EncoderRead
                0x000803d8       0x10 MW_ArduinoEncoder.o
                0x000803d8                MW_EncoderRead
 .text.MW_EncoderReset
                0x000803e8       0x10 MW_ArduinoEncoder.o
                0x000803e8                MW_EncoderReset
 .text.MW_EncoderRelease
                0x000803f8        0x4 MW_ArduinoEncoder.o
                0x000803f8                MW_EncoderRelease
 .text.MW_PWM_SetDutyCycle
                0x000803fc       0x46 MW_PWM.o
                0x000803fc                MW_PWM_SetDutyCycle
 *fill*         0x00080442        0x2 
 .text.MW_PWM_GetHandle
                0x00080444       0x20 MW_PWM.o
                0x00080444                MW_PWM_GetHandle
 .text.setPWMHandle
                0x00080464       0x28 MW_PWM.o
                0x00080464                setPWMHandle
 .text.MW_PWM_Open
                0x0008048c       0x54 MW_PWM.o
                0x0008048c                MW_PWM_Open
 .text.MW_PWM_Close
                0x000804e0       0x18 MW_PWM.o
                0x000804e0                MW_PWM_Close
 .text.MW_analogWrite
                0x000804f8      0x188 MW_PWMDriver.o
                0x000804f8                MW_analogWrite
 .text.MW_setAnalogFrequency
                0x00080680      0x154 MW_PWMDriver.o
                0x00080680                MW_setAnalogFrequency
 .text.extmodeParseArgs
                0x000807d4        0x4 xcp_ext_mode.o
                0x000807d4                extmodeParseArgs
 .text.extmodeInit
                0x000807d8       0x9c xcp_ext_mode.o
                0x000807d8                extmodeInit
 .text.extmodeWaitForHostRequest
                0x00080874       0x94 xcp_ext_mode.o
                0x00080874                extmodeWaitForHostRequest
 .text.extmodeEvent
                0x00080908       0x80 xcp_ext_mode.o
                0x00080908                extmodeEvent
 .text.extmodeBackgroundRun
                0x00080988        0x6 xcp_ext_mode.o
                0x00080988                extmodeBackgroundRun
 *fill*         0x0008098e        0x2 
 .text.extmodeReset
                0x00080990       0x28 xcp_ext_mode.o
                0x00080990                extmodeReset
 .text.extmodeStopRequested
                0x000809b8        0xc xcp_ext_mode.o
                0x000809b8                extmodeStopRequested
 .text.extmodeSimulationComplete
                0x000809c4        0xc xcp_ext_mode.o
                0x000809c4                extmodeSimulationComplete
 .text.sMultiWordMul
                0x000809d0      0x192 DC_MOTOR_CONTROL.o
                0x000809d0                sMultiWordMul
 .text.sMultiWord2Double
                0x00080b62       0x9e DC_MOTOR_CONTROL.o
                0x00080b62                sMultiWord2Double
 .text.rt_urand_Upu32_Yd_f_pw_snf
                0x00080c00       0x48 DC_MOTOR_CONTROL.o
                0x00080c00                rt_urand_Upu32_Yd_f_pw_snf
 .text.rt_nrand_Upu32_Yd_f_pw_snf
                0x00080c48       0x94 DC_MOTOR_CONTROL.o
                0x00080c48                rt_nrand_Upu32_Yd_f_pw_snf
 .text.rt_powd_snf
                0x00080cdc      0x160 DC_MOTOR_CONTROL.o
                0x00080cdc                rt_powd_snf
 .text.rt_roundd_snf
                0x00080e3c       0x80 DC_MOTOR_CONTROL.o
                0x00080e3c                rt_roundd_snf
 .text.DC_MOTOR_CONTROL_derivatives
                0x00080ebc      0x840 DC_MOTOR_CONTROL.o
                0x00080ebc                DC_MOTOR_CONTROL_derivatives
 *fill*         0x000816fc        0x4 
 .text.DC_MOTOR_CONTROL_step
                0x00081700     0x1b50 DC_MOTOR_CONTROL.o
                0x00081700                DC_MOTOR_CONTROL_step
 .text.DC_MOTOR_CONTROL_initialize
                0x00083250      0x3e8 DC_MOTOR_CONTROL.o
                0x00083250                DC_MOTOR_CONTROL_initialize
 .text.DC_MOTOR_CONTROL_terminate
                0x00083638       0x78 DC_MOTOR_CONTROL.o
                0x00083638                DC_MOTOR_CONTROL_terminate
 .text.rtGetInf
                0x000836b0        0xc rtGetInf.o
                0x000836b0                rtGetInf
 .text.rtGetInfF
                0x000836bc        0x6 rtGetInf.o
                0x000836bc                rtGetInfF
 *fill*         0x000836c2        0x2 
 .text.rtGetMinusInf
                0x000836c4        0xc rtGetInf.o
                0x000836c4                rtGetMinusInf
 .text.rtGetMinusInfF
                0x000836d0        0x8 rtGetInf.o
                0x000836d0                rtGetMinusInfF
 .text.rtGetNaN
                0x000836d8        0xc rtGetNaN.o
                0x000836d8                rtGetNaN
 .text.rtGetNaNF
                0x000836e4        0x8 rtGetNaN.o
                0x000836e4                rtGetNaNF
 .text.rt_InitInfAndNaN
                0x000836ec       0x54 rt_nonfinite.o
                0x000836ec                rt_InitInfAndNaN
 .text.rtIsInf  0x00083740       0x38 rt_nonfinite.o
                0x00083740                rtIsInf
 .text.rtIsNaN  0x00083778       0x28 rt_nonfinite.o
                0x00083778                rtIsNaN
 .text.xcpExtModeUpdateTime
                0x000837a0       0xd8 xcp_ext_common.o
                0x000837a0                xcpExtModeUpdateTime
 .text.xcpExtModeGetUpdatedTimestamp
                0x00083878       0x40 xcp_ext_common.o
                0x00083878                xcpExtModeGetUpdatedTimestamp
 .text.xcpExtModeInit
                0x000838b8       0x40 xcp_ext_common.o
                0x000838b8                xcpExtModeInit
 .text.xcpExtModeRunBackground
                0x000838f8       0x7a xcp_ext_common.o
                0x000838f8                xcpExtModeRunBackground
 *fill*         0x00083972        0x2 
 .text.xcpExtModeReset
                0x00083974       0xa0 xcp_ext_common.o
                0x00083974                xcpExtModeReset
 .text.xcpExtModeClassicTriggerInit
                0x00083a14       0x4c xcp_ext_classic_trigger.o
                0x00083a14                xcpExtModeClassicTriggerInit
 .text.xcpExtModeClassicTriggerEnabled
                0x00083a60      0x33c xcp_ext_classic_trigger.o
                0x00083a60                xcpExtModeClassicTriggerEnabled
 .text.xcpExtModeClassicTriggerReset
                0x00083d9c       0xbc xcp_ext_classic_trigger.o
                0x00083d9c                xcpExtModeClassicTriggerReset
 .text.xcpExtModeClassicTriggerForceEnableStatusUpdate
                0x00083e58       0x50 xcp_ext_classic_trigger.o
                0x00083e58                xcpExtModeClassicTriggerForceEnableStatusUpdate
 .text.unknownInputPacketHandler
                0x00083ea8        0xa xcp.o
 .text.discardInputPacketHandler
                0x00083eb2       0x10 xcp.o
 .text.genericOutputPacketHandler
                0x00083ec2       0x64 xcp.o
                0x00083ec2                genericOutputPacketHandler
 *fill*         0x00083f26        0x2 
 .text.xcpStatusGet
                0x00083f28        0xc xcp.o
                0x00083f28                xcpStatusGet
 .text.xcpStatusSet
                0x00083f34        0xc xcp.o
                0x00083f34                xcpStatusSet
 .text.xcpSessionStatusGet
                0x00083f40        0xc xcp.o
                0x00083f40                xcpSessionStatusGet
 .text.xcpSessionStatusSetMask
                0x00083f4c       0x10 xcp.o
                0x00083f4c                xcpSessionStatusSetMask
 .text.xcpSessionStatusClearMask
                0x00083f5c       0x10 xcp.o
                0x00083f5c                xcpSessionStatusClearMask
 .text.xcpResourceProtectionStatusGet
                0x00083f6c        0xc xcp.o
                0x00083f6c                xcpResourceProtectionStatusGet
 .text.xcpSessionConfigurationIdGet
                0x00083f78        0xc xcp.o
                0x00083f78                xcpSessionConfigurationIdGet
 .text.xcpFindPacket
                0x00083f84       0x26 xcp.o
                0x00083f84                xcpFindPacket
 *fill*         0x00083faa        0x2 
 .text.xcpInit  0x00083fac       0x40 xcp.o
                0x00083fac                xcpInit
 .text.xcpRun   0x00083fec      0x18c xcp.o
                0x00083fec                xcpRun
 .text.xcpEventExternalTimestamp
                0x00084178       0x18 xcp.o
                0x00084178                xcpEventExternalTimestamp
 .text.xcpGetStatus
                0x00084190        0xc xcp.o
                0x00084190                xcpGetStatus
 .text.xcpReset
                0x0008419c       0x28 xcp.o
                0x0008419c                xcpReset
 .text.xcpPackedModeEventsFlush
                0x000841c4        0x4 xcp.o
                0x000841c4                xcpPackedModeEventsFlush
 .text.xcpPackedModeEventReset
                0x000841c8        0x8 xcp.o
                0x000841c8                xcpPackedModeEventReset
 .text.getStatusInputPacketHandler
                0x000841d0        0x8 xcp_standard.o
 .text.getPacket
                0x000841d8        0xc xcp_standard.o
 .text.uploadInputPacketHandler
                0x000841e4       0x40 xcp_standard.o
 .text.synchInputPacketHandler
                0x00084224       0x1c xcp_standard.o
 .text.getStatusOutputPacketHandler
                0x00084240       0x26 xcp_standard.o
 .text.disconnectInputPacketHandler
                0x00084266       0x22 xcp_standard.o
 .text.connectInputPacketHandler
                0x00084288       0x32 xcp_standard.o
 .text.connectOutputPacketHandler
                0x000842ba       0x38 xcp_standard.o
 *fill*         0x000842f2        0x2 
 .text.xcpStandardInit
                0x000842f4       0x10 xcp_standard.o
                0x000842f4                xcpStandardInit
 .text.xcpStandardGetPacketLookup
                0x00084304        0xc xcp_standard.o
                0x00084304                xcpStandardGetPacketLookup
 .text.xcpStandardReset
                0x00084310        0xc xcp_standard.o
                0x00084310                xcpStandardReset
 .text.xcpStandardGetAddressFromMta
                0x0008431c        0xc xcp_standard.o
                0x0008431c                xcpStandardGetAddressFromMta
 .text.xcpStandardSetMta
                0x00084328       0x14 xcp_standard.o
                0x00084328                xcpStandardSetMta
 .text.shortUploadInputPacketHandler
                0x0008433c       0x40 xcp_standard.o
 .text.setMTAInputPacketHandler
                0x0008437c       0x22 xcp_standard.o
 *fill*         0x0008439e        0x2 
 .text.xcpStandardIncrementMta
                0x000843a0       0x10 xcp_standard.o
                0x000843a0                xcpStandardIncrementMta
 .text.shortUploadOutputPacketHandler
                0x000843b0       0x44 xcp_standard.o
 .text.uploadOutputPacketHandler
                0x000843f4       0x44 xcp_standard.o
 .text.isActiveDaqList
                0x00084438       0x1c xcp_daq.o
 .text.noActiveDaqLists
                0x00084454       0x2c xcp_daq.o
 .text.isValidDaqPtr
                0x00084480       0x40 xcp_daq.o
 .text.isDaqPackedModeEnabled
                0x000844c0       0x3c xcp_daq.o
 .text.setDaqPtrInputPacketHandler
                0x000844fc       0x48 xcp_daq.o
 .text.writeDaqInputPacketHandler
                0x00084544       0x88 xcp_daq.o
 .text.setDaqListModeInputPacketHandler
                0x000845cc       0x88 xcp_daq.o
 .text.getDaqProcessorInfoInputPacketHandler
                0x00084654        0x8 xcp_daq.o
 .text.getDaqResolutionInfoInputPacketHandler
                0x0008465c        0x8 xcp_daq.o
 .text.level1CommandInputPacketHandler
                0x00084664       0x88 xcp_daq.o
 .text.getDaqResolutionInfoOutputPacketHandler
                0x000846ec       0x28 xcp_daq.o
 .text.getDaqProcessorInfoOutputPacketHandler
                0x00084714       0x2a xcp_daq.o
 *fill*         0x0008473e        0x2 
 .text.getPacket
                0x00084740        0xc xcp_daq.o
 .text.allocOdtEntryInputPacketHandler
                0x0008474c       0x94 xcp_daq.o
 .text.allocOdtInputPacketHandler
                0x000847e0       0x88 xcp_daq.o
 .text.allocDaqInputPacketHandler
                0x00084868       0x98 xcp_daq.o
 .text.createDaqReservedPool
                0x00084900       0x50 xcp_daq.o
 .text.startStopDaqListOutputPacketHandler
                0x00084950       0x28 xcp_daq.o
 .text.xcpDaqWriteLock.isra.2
                0x00084978       0x28 xcp_daq.o
 .text.xcpDaqWriteUnlock.isra.3
                0x000849a0        0xc xcp_daq.o
 .text.startStopDaqListInputPacketHandler
                0x000849ac      0x1cc xcp_daq.o
 .text.startStopSynchInputPacketHandler
                0x00084b78      0x154 xcp_daq.o
 .text.xcpDaqInit
                0x00084ccc       0x2c xcp_daq.o
                0x00084ccc                xcpDaqInit
 .text.xcpDaqGetPacketLookup
                0x00084cf8        0xc xcp_daq.o
                0x00084cf8                xcpDaqGetPacketLookup
 .text.xcpDaqEvent
                0x00084d04      0x29c xcp_daq.o
                0x00084d04                xcpDaqEvent
 .text.xcpDaqEventsFlush
                0x00084fa0       0xe8 xcp_daq.o
                0x00084fa0                xcpDaqEventsFlush
 .text.xcpDaqLock
                0x00085088        0x4 xcp_daq.o
                0x00085088                xcpDaqLock
 .text.xcpDaqUnlock
                0x0008508c        0x4 xcp_daq.o
                0x0008508c                xcpDaqUnlock
 .text.xcpResetDaqListStatus
                0x00085090       0xc0 xcp_daq.o
                0x00085090                xcpResetDaqListStatus
 .text.freeDaqInputPacketHandler
                0x00085150       0x22 xcp_daq.o
 *fill*         0x00085172        0x2 
 .text.xcpDaqReset
                0x00085174       0x1c xcp_daq.o
                0x00085174                xcpDaqReset
 .text.getPacket
                0x00085190        0xc xcp_calibration.o
 .text.shortDownloadInputPacketHandler
                0x0008519c       0x4c xcp_calibration.o
 .text.downloadInputPacketHandler
                0x000851e8       0x50 xcp_calibration.o
 .text.xcpCalibrationInit
                0x00085238       0x10 xcp_calibration.o
                0x00085238                xcpCalibrationInit
 .text.xcpCalibrationGetPacketLookup
                0x00085248        0xc xcp_calibration.o
                0x00085248                xcpCalibrationGetPacketLookup
 .text.xcpCalibrationReset
                0x00085254        0x2 xcp_calibration.o
                0x00085254                xcpCalibrationReset
 .text.xcpFifoInit
                0x00085256        0x8 xcp_fifo.o
                0x00085256                xcpFifoInit
 .text.xcpFifoEnqueue
                0x0008525e        0xc xcp_fifo.o
                0x0008525e                xcpFifoEnqueue
 .text.xcpFifoDequeue
                0x0008526a       0x12 xcp_fifo.o
                0x0008526a                xcpFifoDequeue
 .text.xcpFifoEnqueueHead
                0x0008527c        0xc xcp_fifo.o
                0x0008527c                xcpFifoEnqueueHead
 .text.xcpFifoReset
                0x00085288        0x8 xcp_fifo.o
                0x00085288                xcpFifoReset
 .text.xcpTransportEmptyTxFifo
                0x00085290       0x40 xcp_transport.o
 .text.xcpTransportEmptyRxFifo
                0x000852d0       0x38 xcp_transport.o
 .text.xcpTransportTxReady
                0x00085308        0x4 xcp_transport.o
                0x00085308                xcpTransportTxReady
 .text.xcpTransportTxTrigger
                0x0008530c        0x4 xcp_transport.o
                0x0008530c                xcpTransportTxTrigger
 .text.xcpTransportTx
                0x00085310       0x88 xcp_transport.o
                0x00085310                xcpTransportTx
 .text.xcpTransportRx
                0x00085398       0x54 xcp_transport.o
                0x00085398                xcpTransportRx
 .text.xcpTransportPacketOffset
                0x000853ec        0xa xcp_transport.o
                0x000853ec                xcpTransportPacketOffset
 *fill*         0x000853f6        0x2 
 .text.xcpTransportTxPacketSet
                0x000853f8       0x8c xcp_transport.o
                0x000853f8                xcpTransportTxPacketSet
 .text.xcpTransportRxPacketGet
                0x00085484       0x80 xcp_transport.o
                0x00085484                xcpTransportRxPacketGet
 .text.xcpTransportMsgBufferSize
                0x00085504       0x28 xcp_transport.o
                0x00085504                xcpTransportMsgBufferSize
 .text.xcpTransportInit
                0x0008552c       0x7c xcp_transport.o
                0x0008552c                xcpTransportInit
 .text.xcpTransportMaxDtoSize
                0x000855a8        0x4 xcp_transport.o
                0x000855a8                xcpTransportMaxDtoSize
 .text.xcpTransportMaxCtoSize
                0x000855ac        0x4 xcp_transport.o
                0x000855ac                xcpTransportMaxCtoSize
 .text.xcpTransportRestart
                0x000855b0       0x16 xcp_transport.o
                0x000855b0                xcpTransportRestart
 .text.xcpTransportResynch
                0x000855c6       0x12 xcp_transport.o
                0x000855c6                xcpTransportResynch
 .text.xcpTransportCtoReservedMemPoolId
                0x000855d8        0xc xcp_transport.o
                0x000855d8                xcpTransportCtoReservedMemPoolId
 .text.xcpTransportReset
                0x000855e4       0x54 xcp_transport.o
                0x000855e4                xcpTransportReset
 .text.xcpInitializePoolMemoryArea
                0x00085638       0x30 xcp_mem_default.o
 .text.xcpMemInit
                0x00085668       0xa4 xcp_mem_default.o
                0x00085668                xcpMemInit
 .text.xcpMemAlloc
                0x0008570c       0x5c xcp_mem_default.o
                0x0008570c                xcpMemAlloc
 .text.xcpMemFree
                0x00085768       0x80 xcp_mem_default.o
                0x00085768                xcpMemFree
 .text.xcpMemReservedPoolCreate
                0x000857e8       0xf0 xcp_mem_default.o
                0x000857e8                xcpMemReservedPoolCreate
 .text.xcpMemReservedPoolDestroy
                0x000858d8       0x88 xcp_mem_default.o
                0x000858d8                xcpMemReservedPoolDestroy
 .text.xcpMemCustomPoolCreate
                0x00085960       0x4c xcp_mem_default.o
                0x00085960                xcpMemCustomPoolCreate
 .text.xcpMemCustomPoolDestroy
                0x000859ac       0x2c xcp_mem_default.o
                0x000859ac                xcpMemCustomPoolDestroy
 .text.xcpMemAllocFromPool
                0x000859d8       0x70 xcp_mem_default.o
                0x000859d8                xcpMemAllocFromPool
 .text.xcpMemReset
                0x00085a48       0x48 xcp_mem_default.o
                0x00085a48                xcpMemReset
 .text.xcpDrvOpen
                0x00085a90       0x24 xcp_drv_rtiostream.o
                0x00085a90                xcpDrvOpen
 .text.xcpDrvIoctl
                0x00085ab4       0x14 xcp_drv_rtiostream.o
                0x00085ab4                xcpDrvIoctl
 .text.xcpDrvSend
                0x00085ac8       0x9c xcp_drv_rtiostream.o
                0x00085ac8                xcpDrvSend
 .text.xcpDrvRecv
                0x00085b64       0x9c xcp_drv_rtiostream.o
                0x00085b64                xcpDrvRecv
 .text.xcpDrvClose
                0x00085c00       0x28 xcp_drv_rtiostream.o
                0x00085c00                xcpDrvClose
 .text.xcpSortArray
                0x00085c28       0x42 xcp_utils.o
                0x00085c28                xcpSortArray
 .text.xcpSxiChecksum
                0x00085c6a       0x1a xcp_frame_serial.o
                0x00085c6a                xcpSxiChecksum
 .text.xcpFrameInit
                0x00085c84       0x38 xcp_frame_serial.o
                0x00085c84                xcpFrameInit
 .text.xcpFrameMsgSend
                0x00085cbc       0x98 xcp_frame_serial.o
                0x00085cbc                xcpFrameMsgSend
 .text.xcpFrameMsgRecv
                0x00085d54       0xb4 xcp_frame_serial.o
                0x00085d54                xcpFrameMsgRecv
 .text.xcpFrameCreateMsg
                0x00085e08       0x1c xcp_frame_serial.o
                0x00085e08                xcpFrameCreateMsg
 .text.xcpFrameExtractPacket
                0x00085e24       0x80 xcp_frame_serial.o
                0x00085e24                xcpFrameExtractPacket
 .text.xcpFrameHeaderSize
                0x00085ea4        0x4 xcp_frame_serial.o
                0x00085ea4                xcpFrameHeaderSize
 .text.xcpFrameTailSize
                0x00085ea8        0x4 xcp_frame_serial.o
                0x00085ea8                xcpFrameTailSize
 .text.xcpFrameMaxDtoSize
                0x00085eac        0x6 xcp_frame_serial.o
                0x00085eac                xcpFrameMaxDtoSize
 .text.xcpFrameMaxCtoSize
                0x00085eb2        0x4 xcp_frame_serial.o
                0x00085eb2                xcpFrameMaxCtoSize
 *fill*         0x00085eb6        0x2 
 .text.xcpFrameRestart
                0x00085eb8       0x1c xcp_frame_serial.o
                0x00085eb8                xcpFrameRestart
 .text.xcpFrameSetCtoReservedMemPoolId
                0x00085ed4        0xc xcp_frame_serial.o
                0x00085ed4                xcpFrameSetCtoReservedMemPoolId
 .text.xcpFrameReset
                0x00085ee0       0x30 xcp_frame_serial.o
                0x00085ee0                xcpFrameReset
 .text.xcpTransportGetInitParameters
                0x00085f10        0xc xcp_ext_param_default_serial.o
                0x00085f10                xcpTransportGetInitParameters
 .text.xcpGetInitParameters
                0x00085f1c        0xc xcp_ext_param_default_serial.o
                0x00085f1c                xcpGetInitParameters
 .text.__halt   0x00085f28        0x2 arm_m3_cortex_handler.o
                0x00085f28                DACC_Handler
                0x00085f28                DebugMon_Handler
                0x00085f28                DMAC_Handler
                0x00085f28                TRNG_Handler
                0x00085f28                HardFault_Handler
                0x00085f28                TC2_Handler
                0x00085f28                TWI1_Handler
                0x00085f28                NMI_Handler
                0x00085f28                TC7_Handler
                0x00085f28                ADC_Handler
                0x00085f28                SMC_Handler
                0x00085f28                RTT_Handler
                0x00085f28                EFC1_Handler
                0x00085f28                RTC_Handler
                0x00085f28                UsageFault_Handler
                0x00085f28                TC6_Handler
                0x00085f28                WDT_Handler
                0x00085f28                CAN0_Handler
                0x00085f28                TC4_Handler
                0x00085f28                TC1_Handler
                0x00085f28                HSMCI_Handler
                0x00085f28                TC3_Handler
                0x00085f28                TWI0_Handler
                0x00085f28                SSC_Handler
                0x00085f28                EFC0_Handler
                0x00085f28                PMC_Handler
                0x00085f28                PWM_Handler
                0x00085f28                CAN1_Handler
                0x00085f28                MemManage_Handler
                0x00085f28                SUPC_Handler
                0x00085f28                TC8_Handler
                0x00085f28                USART2_Handler
                0x00085f28                EMAC_Handler
                0x00085f28                BusFault_Handler
                0x00085f28                RSTC_Handler
                0x00085f28                TC0_Handler
                0x00085f28                TC5_Handler
                0x00085f28                SPI0_Handler
 .text.SysTick_Handler
                0x00085f2a       0x16 arm_m3_cortex_handler.o
                0x00085f2a                SysTick_Handler
 .text.MW_Arduino_Init
                0x00085f40       0x18 MW_ArduinoHWInit.o
                0x00085f40                MW_Arduino_Init
 .text.MW_Arduino_Terminate
                0x00085f58        0x2 MW_ArduinoHWInit.o
                0x00085f58                MW_Arduino_Terminate
 *fill*         0x00085f5a        0x2 
 .text.Serial_begin
                0x00085f5c       0x58 io_wrappers.o
                0x00085f5c                Serial_begin
 .text._ZL13Scheduler_Isrv
                0x00085fb4       0x14 arduinoARMScheduler.o
 .text.configureArduinoARMTimer
                0x00085fc8       0x20 arduinoARMScheduler.o
                0x00085fc8                configureArduinoARMTimer
 .text.disable_rt_OneStep
                0x00085fe8        0x4 arduinoARMScheduler.o
                0x00085fe8                disable_rt_OneStep
 .text.MW_Arduino_Loop
                0x00085fec       0x44 arduinoARMScheduler.o
                0x00085fec                MW_Arduino_Loop
 .text.PendSV_Handler
                0x00086030       0x3c m3m4m4f_multitasking.o
                0x00086030                PendSV_Handler
 .text.SVC_Handler
                0x0008606c       0x4c m3m4m4f_multitasking.o
                0x0008606c                SVC_Handler
 .text.rtIOStreamResync
                0x000860b8        0xc rtiostream_serial_daemon.o
                0x000860b8                rtIOStreamResync
 .text.rtIOStreamSend
                0x000860c4       0x1c rtiostream_serial_daemon.o
                0x000860c4                rtIOStreamSend
 .text.rtIOStreamClose
                0x000860e0        0xe rtiostream_serial_daemon.o
                0x000860e0                rtIOStreamClose
 *fill*         0x000860ee        0x2 
 .text.rtIOStreamOpen
                0x000860f0       0x28 rtiostream_serial_daemon.o
                0x000860f0                rtIOStreamOpen
 .text.rtIOStreamRecv
                0x00086118       0x5c rtiostream_serial_daemon.o
                0x00086118                rtIOStreamRecv
 .text.sys_arch_protect
                0x00086174        0x8 sys_arch.o
                0x00086174                sys_arch_protect
 .text.sys_arch_unprotect
                0x0008617c        0x6 sys_arch.o
                0x0008617c                sys_arch_unprotect
 *fill*         0x00086182        0x2 
 .text.rt_OneStep
                0x00086184       0x28 ert_main.o
                0x00086184                rt_OneStep
 .text.startup.main
                0x000861ac      0x100 ert_main.o
                0x000861ac                main
 .text.__empty  0x000862ac        0x2 C:/Users/mario/DOCUME~1/MATLAB/R2022b/ARDUIN~1/ARDUIN~1/FASTER~1/libcore.a(hooks.o)
                0x000862ac                yield
 .text.__false  0x000862ae        0x4 C:/Users/mario/DOCUME~1/MATLAB/R2022b/ARDUIN~1/ARDUIN~1/FASTER~1/libcore.a(hooks.o)
                0x000862ae                sysTickHook
 *fill*         0x000862b2        0x2 
 .text._sbrk    0x000862b4       0x1c C:/Users/mario/DOCUME~1/MATLAB/R2022b/ARDUIN~1/ARDUIN~1/FASTER~1/libcore.a(syscalls_sam3.o)
                0x000862b4                _sbrk
 .text.link     0x000862d0        0x6 C:/Users/mario/DOCUME~1/MATLAB/R2022b/ARDUIN~1/ARDUIN~1/FASTER~1/libcore.a(syscalls_sam3.o)
                0x000862d0                link
 .text._close   0x000862d6        0x6 C:/Users/mario/DOCUME~1/MATLAB/R2022b/ARDUIN~1/ARDUIN~1/FASTER~1/libcore.a(syscalls_sam3.o)
                0x000862d6                _close
 .text._fstat   0x000862dc        0xa C:/Users/mario/DOCUME~1/MATLAB/R2022b/ARDUIN~1/ARDUIN~1/FASTER~1/libcore.a(syscalls_sam3.o)
                0x000862dc                _fstat
 .text._isatty  0x000862e6        0x4 C:/Users/mario/DOCUME~1/MATLAB/R2022b/ARDUIN~1/ARDUIN~1/FASTER~1/libcore.a(syscalls_sam3.o)
                0x000862e6                _isatty
 .text._lseek   0x000862ea        0x4 C:/Users/mario/DOCUME~1/MATLAB/R2022b/ARDUIN~1/ARDUIN~1/FASTER~1/libcore.a(syscalls_sam3.o)
                0x000862ea                _lseek
 .text._read    0x000862ee        0x4 C:/Users/mario/DOCUME~1/MATLAB/R2022b/ARDUIN~1/ARDUIN~1/FASTER~1/libcore.a(syscalls_sam3.o)
                0x000862ee                _read
 *fill*         0x000862f2        0x2 
 .text._write   0x000862f4       0x24 C:/Users/mario/DOCUME~1/MATLAB/R2022b/ARDUIN~1/ARDUIN~1/FASTER~1/libcore.a(syscalls_sam3.o)
                0x000862f4                _write
 .text._exit    0x00086318        0x2 C:/Users/mario/DOCUME~1/MATLAB/R2022b/ARDUIN~1/ARDUIN~1/FASTER~1/libcore.a(syscalls_sam3.o)
                0x00086318                _exit
 .text._kill    0x0008631a        0x2 C:/Users/mario/DOCUME~1/MATLAB/R2022b/ARDUIN~1/ARDUIN~1/FASTER~1/libcore.a(syscalls_sam3.o)
                0x0008631a                _kill
 .text._getpid  0x0008631c        0x6 C:/Users/mario/DOCUME~1/MATLAB/R2022b/ARDUIN~1/ARDUIN~1/FASTER~1/libcore.a(syscalls_sam3.o)
                0x0008631c                _getpid
 *fill*         0x00086322        0x2 
 .text.attachInterrupt
                0x00086324      0x148 C:/Users/mario/DOCUME~1/MATLAB/R2022b/ARDUIN~1/ARDUIN~1/FASTER~1/libcore.a(WInterrupts.o)
                0x00086324                attachInterrupt
 .text.PIOA_Handler
                0x0008646c       0x38 C:/Users/mario/DOCUME~1/MATLAB/R2022b/ARDUIN~1/ARDUIN~1/FASTER~1/libcore.a(WInterrupts.o)
                0x0008646c                PIOA_Handler
 .text.PIOB_Handler
                0x000864a4       0x38 C:/Users/mario/DOCUME~1/MATLAB/R2022b/ARDUIN~1/ARDUIN~1/FASTER~1/libcore.a(WInterrupts.o)
                0x000864a4                PIOB_Handler
 .text.PIOC_Handler
                0x000864dc       0x38 C:/Users/mario/DOCUME~1/MATLAB/R2022b/ARDUIN~1/ARDUIN~1/FASTER~1/libcore.a(WInterrupts.o)
                0x000864dc                PIOC_Handler
 .text.PIOD_Handler
                0x00086514       0x38 C:/Users/mario/DOCUME~1/MATLAB/R2022b/ARDUIN~1/ARDUIN~1/FASTER~1/libcore.a(WInterrupts.o)
                0x00086514                PIOD_Handler
 .text.micros   0x0008654c       0x74 C:/Users/mario/DOCUME~1/MATLAB/R2022b/ARDUIN~1/ARDUIN~1/FASTER~1/libcore.a(wiring.o)
                0x0008654c                micros
 .text.delay    0x000865c0       0x1c C:/Users/mario/DOCUME~1/MATLAB/R2022b/ARDUIN~1/ARDUIN~1/FASTER~1/libcore.a(wiring.o)
                0x000865c0                delay
 .text.mapResolution
                0x000865dc       0x12 C:/Users/mario/DOCUME~1/MATLAB/R2022b/ARDUIN~1/ARDUIN~1/FASTER~1/libcore.a(wiring_analog.o)
 .text.analogOutputInit
                0x000865ee        0x2 C:/Users/mario/DOCUME~1/MATLAB/R2022b/ARDUIN~1/ARDUIN~1/FASTER~1/libcore.a(wiring_analog.o)
                0x000865ee                analogOutputInit
 .text.analogWrite
                0x000865f0      0x2c0 C:/Users/mario/DOCUME~1/MATLAB/R2022b/ARDUIN~1/ARDUIN~1/FASTER~1/libcore.a(wiring_analog.o)
                0x000865f0                analogWrite
 .text.pinMode  0x000868b0      0x108 C:/Users/mario/DOCUME~1/MATLAB/R2022b/ARDUIN~1/ARDUIN~1/FASTER~1/libcore.a(wiring_digital.o)
                0x000868b0                pinMode
 .text.digitalWrite
                0x000869b8       0x70 C:/Users/mario/DOCUME~1/MATLAB/R2022b/ARDUIN~1/ARDUIN~1/FASTER~1/libcore.a(wiring_digital.o)
                0x000869b8                digitalWrite
 .text.digitalRead
                0x00086a28       0x44 C:/Users/mario/DOCUME~1/MATLAB/R2022b/ARDUIN~1/ARDUIN~1/FASTER~1/libcore.a(wiring_digital.o)
                0x00086a28                digitalRead
 .text.tickReset
                0x00086a6c       0x20 C:/Users/mario/DOCUME~1/MATLAB/R2022b/ARDUIN~1/ARDUIN~1/FASTER~1/libcore.a(Reset.o)
                0x00086a6c                tickReset
 .text._ZN9UARTClasscvbEv
                0x00086a8c        0x4 C:/Users/mario/DOCUME~1/MATLAB/R2022b/ARDUIN~1/ARDUIN~1/FASTER~1/libcore.a(UARTClass.o)
                0x00086a8c                UARTClass::operator bool()
 .text._ZN9UARTClass9availableEv
                0x00086a90       0x12 C:/Users/mario/DOCUME~1/MATLAB/R2022b/ARDUIN~1/ARDUIN~1/FASTER~1/libcore.a(UARTClass.o)
                0x00086a90                UARTClass::available()
 .text._ZN9UARTClass4peekEv
                0x00086aa2       0x1c C:/Users/mario/DOCUME~1/MATLAB/R2022b/ARDUIN~1/ARDUIN~1/FASTER~1/libcore.a(UARTClass.o)
                0x00086aa2                UARTClass::peek()
 .text._ZN9UARTClass4readEv
                0x00086abe       0x2a C:/Users/mario/DOCUME~1/MATLAB/R2022b/ARDUIN~1/ARDUIN~1/FASTER~1/libcore.a(UARTClass.o)
                0x00086abe                UARTClass::read()
 .text._ZN9UARTClass5flushEv
                0x00086ae8       0x18 C:/Users/mario/DOCUME~1/MATLAB/R2022b/ARDUIN~1/ARDUIN~1/FASTER~1/libcore.a(UARTClass.o)
                0x00086ae8                UARTClass::flush()
 .text._ZN9UARTClass5writeEh
                0x00086b00       0x54 C:/Users/mario/DOCUME~1/MATLAB/R2022b/ARDUIN~1/ARDUIN~1/FASTER~1/libcore.a(UARTClass.o)
                0x00086b00                UARTClass::write(unsigned char)
 .text._ZN9UARTClass3endEv
                0x00086b54       0x3c C:/Users/mario/DOCUME~1/MATLAB/R2022b/ARDUIN~1/ARDUIN~1/FASTER~1/libcore.a(UARTClass.o)
                0x00086b54                UARTClass::end()
 .text._ZN9UARTClassC2EP4Uart4IRQnmP10RingBufferS4_
                0x00086b90       0x24 C:/Users/mario/DOCUME~1/MATLAB/R2022b/ARDUIN~1/ARDUIN~1/FASTER~1/libcore.a(UARTClass.o)
                0x00086b90                UARTClass::UARTClass(Uart*, IRQn, unsigned long, RingBuffer*, RingBuffer*)
                0x00086b90                UARTClass::UARTClass(Uart*, IRQn, unsigned long, RingBuffer*, RingBuffer*)
 .text._ZN9UARTClass4initEmm
                0x00086bb4       0x70 C:/Users/mario/DOCUME~1/MATLAB/R2022b/ARDUIN~1/ARDUIN~1/FASTER~1/libcore.a(UARTClass.o)
                0x00086bb4                UARTClass::init(unsigned long, unsigned long)
 .text._ZN9UARTClass5beginEmNS_9UARTModesE
                0x00086c24        0x8 C:/Users/mario/DOCUME~1/MATLAB/R2022b/ARDUIN~1/ARDUIN~1/FASTER~1/libcore.a(UARTClass.o)
                0x00086c24                UARTClass::begin(unsigned long, UARTClass::UARTModes)
 .text._ZN9UARTClass5beginEm
                0x00086c2c        0x8 C:/Users/mario/DOCUME~1/MATLAB/R2022b/ARDUIN~1/ARDUIN~1/FASTER~1/libcore.a(UARTClass.o)
                0x00086c2c                UARTClass::begin(unsigned long)
 .text._ZN9UARTClass10IrqHandlerEv
                0x00086c34       0x5a C:/Users/mario/DOCUME~1/MATLAB/R2022b/ARDUIN~1/ARDUIN~1/FASTER~1/libcore.a(UARTClass.o)
                0x00086c34                UARTClass::IrqHandler()
 .text._ZN10USARTClass5beginEm
                0x00086c8e        0x8 C:/Users/mario/DOCUME~1/MATLAB/R2022b/ARDUIN~1/ARDUIN~1/FASTER~1/libcore.a(USARTClass.o)
                0x00086c8e                USARTClass::begin(unsigned long)
 *fill*         0x00086c96        0x2 
 .text._ZN10USARTClassC2EP5Usart4IRQnmP10RingBufferS4_
                0x00086c98       0x24 C:/Users/mario/DOCUME~1/MATLAB/R2022b/ARDUIN~1/ARDUIN~1/FASTER~1/libcore.a(USARTClass.o)
                0x00086c98                USARTClass::USARTClass(Usart*, IRQn, unsigned long, RingBuffer*, RingBuffer*)
                0x00086c98                USARTClass::USARTClass(Usart*, IRQn, unsigned long, RingBuffer*, RingBuffer*)
 .text._ZN10USARTClass5beginEmN9UARTClass9UARTModesE
                0x00086cbc        0x4 C:/Users/mario/DOCUME~1/MATLAB/R2022b/ARDUIN~1/ARDUIN~1/FASTER~1/libcore.a(USARTClass.o)
                0x00086cbc                USARTClass::begin(unsigned long, UARTClass::UARTModes)
 .text._Z15watchdogDisablev
                0x00086cc0        0xc C:/Users/mario/DOCUME~1/MATLAB/R2022b/ARDUIN~1/ARDUIN~1/FASTER~1/libcore.a(watchdog.o)
                0x00086cc0                watchdogDisable()
 .text.UART_Handler
                0x00086ccc        0xc C:/Users/mario/DOCUME~1/MATLAB/R2022b/ARDUIN~1/ARDUIN~1/FASTER~1/libcore.a(variant.o)
                0x00086ccc                UART_Handler
 .text.USART0_Handler
                0x00086cd8        0xc C:/Users/mario/DOCUME~1/MATLAB/R2022b/ARDUIN~1/ARDUIN~1/FASTER~1/libcore.a(variant.o)
                0x00086cd8                USART0_Handler
 .text.USART1_Handler
                0x00086ce4        0xc C:/Users/mario/DOCUME~1/MATLAB/R2022b/ARDUIN~1/ARDUIN~1/FASTER~1/libcore.a(variant.o)
                0x00086ce4                USART1_Handler
 .text.USART3_Handler
                0x00086cf0        0xc C:/Users/mario/DOCUME~1/MATLAB/R2022b/ARDUIN~1/ARDUIN~1/FASTER~1/libcore.a(variant.o)
                0x00086cf0                USART3_Handler
 .text.init     0x00086cfc      0x128 C:/Users/mario/DOCUME~1/MATLAB/R2022b/ARDUIN~1/ARDUIN~1/FASTER~1/libcore.a(variant.o)
                0x00086cfc                init
 .text.startup._GLOBAL__sub_I_g_APinDescription
                0x00086e24       0xd4 C:/Users/mario/DOCUME~1/MATLAB/R2022b/ARDUIN~1/ARDUIN~1/FASTER~1/libcore.a(variant.o)
 .text._ZN5Print5writeEPKhj
                0x00086ef8       0x22 C:/Users/mario/DOCUME~1/MATLAB/R2022b/ARDUIN~1/ARDUIN~1/FASTER~1/libcore.a(Print.o)
                0x00086ef8                Print::write(unsigned char const*, unsigned int)
 .text._ZN10RingBufferC2Ev
                0x00086f1a       0x1a C:/Users/mario/DOCUME~1/MATLAB/R2022b/ARDUIN~1/ARDUIN~1/FASTER~1/libcore.a(RingBuffer.o)
                0x00086f1a                RingBuffer::RingBuffer()
                0x00086f1a                RingBuffer::RingBuffer()
 .text._ZN10RingBuffer10store_charEh
                0x00086f34       0x1e C:/Users/mario/DOCUME~1/MATLAB/R2022b/ARDUIN~1/ARDUIN~1/FASTER~1/libcore.a(RingBuffer.o)
                0x00086f34                RingBuffer::store_char(unsigned char)
 .text.PIO_PullUp
                0x00086f52        0xa C:/ProgramData/MATLAB/SupportPackages/R2022b/aIDE/portable/packages/arduino/hardware/sam/1.6.12/variants/arduino_due_x/libsam_sam3x8e_gcc_rel.a(pio.o)
                0x00086f52                PIO_PullUp
 .text.PIO_Get  0x00086f5c       0x14 C:/ProgramData/MATLAB/SupportPackages/R2022b/aIDE/portable/packages/arduino/hardware/sam/1.6.12/variants/arduino_due_x/libsam_sam3x8e_gcc_rel.a(pio.o)
                0x00086f5c                PIO_Get
 .text.PIO_SetPeripheral
                0x00086f70       0x26 C:/ProgramData/MATLAB/SupportPackages/R2022b/aIDE/portable/packages/arduino/hardware/sam/1.6.12/variants/arduino_due_x/libsam_sam3x8e_gcc_rel.a(pio.o)
                0x00086f70                PIO_SetPeripheral
 .text.PIO_SetInput
                0x00086f96       0x26 C:/ProgramData/MATLAB/SupportPackages/R2022b/aIDE/portable/packages/arduino/hardware/sam/1.6.12/variants/arduino_due_x/libsam_sam3x8e_gcc_rel.a(pio.o)
                0x00086f96                PIO_SetInput
 .text.PIO_SetOutput
                0x00086fbc       0x24 C:/ProgramData/MATLAB/SupportPackages/R2022b/aIDE/portable/packages/arduino/hardware/sam/1.6.12/variants/arduino_due_x/libsam_sam3x8e_gcc_rel.a(pio.o)
                0x00086fbc                PIO_SetOutput
 .text.PIO_Configure
                0x00086fe0       0x64 C:/ProgramData/MATLAB/SupportPackages/R2022b/aIDE/portable/packages/arduino/hardware/sam/1.6.12/variants/arduino_due_x/libsam_sam3x8e_gcc_rel.a(pio.o)
                0x00086fe0                PIO_Configure
 .text.PIO_GetOutputDataStatus
                0x00087044       0x14 C:/ProgramData/MATLAB/SupportPackages/R2022b/aIDE/portable/packages/arduino/hardware/sam/1.6.12/variants/arduino_due_x/libsam_sam3x8e_gcc_rel.a(pio.o)
                0x00087044                PIO_GetOutputDataStatus
 .text.pmc_enable_periph_clk
                0x00087058       0x44 C:/ProgramData/MATLAB/SupportPackages/R2022b/aIDE/portable/packages/arduino/hardware/sam/1.6.12/variants/arduino_due_x/libsam_sam3x8e_gcc_rel.a(pmc.o)
                0x00087058                pmc_enable_periph_clk
 .text.pmc_disable_periph_clk
                0x0008709c       0x40 C:/ProgramData/MATLAB/SupportPackages/R2022b/aIDE/portable/packages/arduino/hardware/sam/1.6.12/variants/arduino_due_x/libsam_sam3x8e_gcc_rel.a(pmc.o)
                0x0008709c                pmc_disable_periph_clk
 .text.FindClockConfiguration
                0x000870dc       0x7c C:/ProgramData/MATLAB/SupportPackages/R2022b/aIDE/portable/packages/arduino/hardware/sam/1.6.12/variants/arduino_due_x/libsam_sam3x8e_gcc_rel.a(pwmc.o)
 .text.PWMC_ConfigureChannel
                0x00087158       0x60 C:/ProgramData/MATLAB/SupportPackages/R2022b/aIDE/portable/packages/arduino/hardware/sam/1.6.12/variants/arduino_due_x/libsam_sam3x8e_gcc_rel.a(pwmc.o)
                0x00087158                PWMC_ConfigureChannel
 .text.PWMC_ConfigureClocks
                0x000871b8       0x54 C:/ProgramData/MATLAB/SupportPackages/R2022b/aIDE/portable/packages/arduino/hardware/sam/1.6.12/variants/arduino_due_x/libsam_sam3x8e_gcc_rel.a(pwmc.o)
                0x000871b8                PWMC_ConfigureClocks
 .text.PWMC_SetPeriod
                0x0008720c       0x1a C:/ProgramData/MATLAB/SupportPackages/R2022b/aIDE/portable/packages/arduino/hardware/sam/1.6.12/variants/arduino_due_x/libsam_sam3x8e_gcc_rel.a(pwmc.o)
                0x0008720c                PWMC_SetPeriod
 *fill*         0x00087226        0x2 
 .text.PWMC_SetDutyCycle
                0x00087228       0x44 C:/ProgramData/MATLAB/SupportPackages/R2022b/aIDE/portable/packages/arduino/hardware/sam/1.6.12/variants/arduino_due_x/libsam_sam3x8e_gcc_rel.a(pwmc.o)
                0x00087228                PWMC_SetDutyCycle
 .text.PWMC_EnableChannel
                0x0008726c        0xa C:/ProgramData/MATLAB/SupportPackages/R2022b/aIDE/portable/packages/arduino/hardware/sam/1.6.12/variants/arduino_due_x/libsam_sam3x8e_gcc_rel.a(pwmc.o)
                0x0008726c                PWMC_EnableChannel
 *fill*         0x00087276        0x2 
 .text.TC_Configure
                0x00087278       0x38 C:/ProgramData/MATLAB/SupportPackages/R2022b/aIDE/portable/packages/arduino/hardware/sam/1.6.12/variants/arduino_due_x/libsam_sam3x8e_gcc_rel.a(tc.o)
                0x00087278                TC_Configure
 .text.TC_Start
                0x000872b0       0x2c C:/ProgramData/MATLAB/SupportPackages/R2022b/aIDE/portable/packages/arduino/hardware/sam/1.6.12/variants/arduino_due_x/libsam_sam3x8e_gcc_rel.a(tc.o)
                0x000872b0                TC_Start
 .text.TC_SetRA
                0x000872dc        0x8 C:/ProgramData/MATLAB/SupportPackages/R2022b/aIDE/portable/packages/arduino/hardware/sam/1.6.12/variants/arduino_due_x/libsam_sam3x8e_gcc_rel.a(tc.o)
                0x000872dc                TC_SetRA
 .text.TC_SetRB
                0x000872e4        0x8 C:/ProgramData/MATLAB/SupportPackages/R2022b/aIDE/portable/packages/arduino/hardware/sam/1.6.12/variants/arduino_due_x/libsam_sam3x8e_gcc_rel.a(tc.o)
                0x000872e4                TC_SetRB
 .text.TC_SetRC
                0x000872ec        0x8 C:/ProgramData/MATLAB/SupportPackages/R2022b/aIDE/portable/packages/arduino/hardware/sam/1.6.12/variants/arduino_due_x/libsam_sam3x8e_gcc_rel.a(tc.o)
                0x000872ec                TC_SetRC
 .text.TimeTick_Increment
                0x000872f4       0x10 C:/ProgramData/MATLAB/SupportPackages/R2022b/aIDE/portable/packages/arduino/hardware/sam/1.6.12/variants/arduino_due_x/libsam_sam3x8e_gcc_rel.a(timetick.o)
                0x000872f4                TimeTick_Increment
 .text.GetTickCount
                0x00087304        0xc C:/ProgramData/MATLAB/SupportPackages/R2022b/aIDE/portable/packages/arduino/hardware/sam/1.6.12/variants/arduino_due_x/libsam_sam3x8e_gcc_rel.a(timetick.o)
                0x00087304                GetTickCount
 .text.WDT_Disable
                0x00087310        0x8 C:/ProgramData/MATLAB/SupportPackages/R2022b/aIDE/portable/packages/arduino/hardware/sam/1.6.12/variants/arduino_due_x/libsam_sam3x8e_gcc_rel.a(wdt.o)
                0x00087310                WDT_Disable
 .text.SystemInit
                0x00087318       0x88 C:/ProgramData/MATLAB/SupportPackages/R2022b/aIDE/portable/packages/arduino/hardware/sam/1.6.12/variants/arduino_due_x/libsam_sam3x8e_gcc_rel.a(system_sam3xa.o)
                0x00087318                SystemInit
 .text.adc_init
                0x000873a0       0x98 C:/ProgramData/MATLAB/SupportPackages/R2022b/aIDE/portable/packages/arduino/hardware/sam/1.6.12/variants/arduino_due_x/libsam_sam3x8e_gcc_rel.a(adc.o)
                0x000873a0                adc_init
 .text.adc_configure_trigger
                0x00087438        0xe C:/ProgramData/MATLAB/SupportPackages/R2022b/aIDE/portable/packages/arduino/hardware/sam/1.6.12/variants/arduino_due_x/libsam_sam3x8e_gcc_rel.a(adc.o)
                0x00087438                adc_configure_trigger
 .text.adc_configure_timing
                0x00087446       0x1a C:/ProgramData/MATLAB/SupportPackages/R2022b/aIDE/portable/packages/arduino/hardware/sam/1.6.12/variants/arduino_due_x/libsam_sam3x8e_gcc_rel.a(adc.o)
                0x00087446                adc_configure_timing
 .text.adc_disable_channel
                0x00087460        0xa C:/ProgramData/MATLAB/SupportPackages/R2022b/aIDE/portable/packages/arduino/hardware/sam/1.6.12/variants/arduino_due_x/libsam_sam3x8e_gcc_rel.a(adc.o)
                0x00087460                adc_disable_channel
 .text.adc_disable_all_channel
                0x0008746a        0x8 C:/ProgramData/MATLAB/SupportPackages/R2022b/aIDE/portable/packages/arduino/hardware/sam/1.6.12/variants/arduino_due_x/libsam_sam3x8e_gcc_rel.a(adc.o)
                0x0008746a                adc_disable_all_channel
 .text.adc_disable_interrupt
                0x00087472        0x4 C:/ProgramData/MATLAB/SupportPackages/R2022b/aIDE/portable/packages/arduino/hardware/sam/1.6.12/variants/arduino_due_x/libsam_sam3x8e_gcc_rel.a(adc.o)
                0x00087472                adc_disable_interrupt
 .text.dacc_reset
                0x00087476        0x6 C:/ProgramData/MATLAB/SupportPackages/R2022b/aIDE/portable/packages/arduino/hardware/sam/1.6.12/variants/arduino_due_x/libsam_sam3x8e_gcc_rel.a(dacc.o)
                0x00087476                dacc_reset
 .text.dacc_set_transfer_mode
                0x0008747c       0x14 C:/ProgramData/MATLAB/SupportPackages/R2022b/aIDE/portable/packages/arduino/hardware/sam/1.6.12/variants/arduino_due_x/libsam_sam3x8e_gcc_rel.a(dacc.o)
                0x0008747c                dacc_set_transfer_mode
 .text.dacc_get_interrupt_status
                0x00087490        0x4 C:/ProgramData/MATLAB/SupportPackages/R2022b/aIDE/portable/packages/arduino/hardware/sam/1.6.12/variants/arduino_due_x/libsam_sam3x8e_gcc_rel.a(dacc.o)
                0x00087490                dacc_get_interrupt_status
 .text.dacc_write_conversion_data
                0x00087494        0x4 C:/ProgramData/MATLAB/SupportPackages/R2022b/aIDE/portable/packages/arduino/hardware/sam/1.6.12/variants/arduino_due_x/libsam_sam3x8e_gcc_rel.a(dacc.o)
                0x00087494                dacc_write_conversion_data
 .text.dacc_set_channel_selection
                0x00087498       0x18 C:/ProgramData/MATLAB/SupportPackages/R2022b/aIDE/portable/packages/arduino/hardware/sam/1.6.12/variants/arduino_due_x/libsam_sam3x8e_gcc_rel.a(dacc.o)
                0x00087498                dacc_set_channel_selection
 .text.dacc_set_power_save
                0x000874b0       0x24 C:/ProgramData/MATLAB/SupportPackages/R2022b/aIDE/portable/packages/arduino/hardware/sam/1.6.12/variants/arduino_due_x/libsam_sam3x8e_gcc_rel.a(dacc.o)
                0x000874b0                dacc_set_power_save
 .text.dacc_set_timing
                0x000874d4       0x2c C:/ProgramData/MATLAB/SupportPackages/R2022b/aIDE/portable/packages/arduino/hardware/sam/1.6.12/variants/arduino_due_x/libsam_sam3x8e_gcc_rel.a(dacc.o)
                0x000874d4                dacc_set_timing
 .text.dacc_enable_channel
                0x00087500       0x12 C:/ProgramData/MATLAB/SupportPackages/R2022b/aIDE/portable/packages/arduino/hardware/sam/1.6.12/variants/arduino_due_x/libsam_sam3x8e_gcc_rel.a(dacc.o)
                0x00087500                dacc_enable_channel
 .text.dacc_get_channel_status
                0x00087512        0x4 C:/ProgramData/MATLAB/SupportPackages/R2022b/aIDE/portable/packages/arduino/hardware/sam/1.6.12/variants/arduino_due_x/libsam_sam3x8e_gcc_rel.a(dacc.o)
                0x00087512                dacc_get_channel_status
 .text.dacc_set_analog_control
                0x00087516        0x8 C:/ProgramData/MATLAB/SupportPackages/R2022b/aIDE/portable/packages/arduino/hardware/sam/1.6.12/variants/arduino_due_x/libsam_sam3x8e_gcc_rel.a(dacc.o)
                0x00087516                dacc_set_analog_control
 *fill*         0x0008751e        0x2 
 .text.ceil     0x00087520      0x120 c:/programdata/matlab/supportpackages/r2022b/aide/portable/packages/arduino/tools/arm-none-eabi-gcc/4.8.3-2014q1/bin/../lib/gcc/arm-none-eabi/4.8.3/../../../../arm-none-eabi/lib/armv7-m\libm.a(lib_a-s_ceil.o)
                0x00087520                ceil
 .text.floor    0x00087640      0x120 c:/programdata/matlab/supportpackages/r2022b/aide/portable/packages/arduino/tools/arm-none-eabi-gcc/4.8.3-2014q1/bin/../lib/gcc/arm-none-eabi/4.8.3/../../../../arm-none-eabi/lib/armv7-m\libm.a(lib_a-s_floor.o)
                0x00087640                floor
 .text.__fpclassifyd
                0x00087760       0x50 c:/programdata/matlab/supportpackages/r2022b/aide/portable/packages/arduino/tools/arm-none-eabi-gcc/4.8.3-2014q1/bin/../lib/gcc/arm-none-eabi/4.8.3/../../../../arm-none-eabi/lib/armv7-m\libm.a(lib_a-s_fpclassify.o)
                0x00087760                __fpclassifyd
 .text.ldexp    0x000877b0       0x54 c:/programdata/matlab/supportpackages/r2022b/aide/portable/packages/arduino/tools/arm-none-eabi-gcc/4.8.3-2014q1/bin/../lib/gcc/arm-none-eabi/4.8.3/../../../../arm-none-eabi/lib/armv7-m\libm.a(lib_a-s_ldexp.o)
                0x000877b0                ldexp
 *fill*         0x00087804        0x4 
 .text.scalbn   0x00087808      0x100 c:/programdata/matlab/supportpackages/r2022b/aide/portable/packages/arduino/tools/arm-none-eabi-gcc/4.8.3-2014q1/bin/../lib/gcc/arm-none-eabi/4.8.3/../../../../arm-none-eabi/lib/armv7-m\libm.a(lib_a-s_scalbn.o)
                0x00087808                scalbn
 .text.fmod     0x00087908       0xb4 c:/programdata/matlab/supportpackages/r2022b/aide/portable/packages/arduino/tools/arm-none-eabi-gcc/4.8.3-2014q1/bin/../lib/gcc/arm-none-eabi/4.8.3/../../../../arm-none-eabi/lib/armv7-m\libm.a(lib_a-w_fmod.o)
                0x00087908                fmod
 .text.log      0x000879bc       0xe4 c:/programdata/matlab/supportpackages/r2022b/aide/portable/packages/arduino/tools/arm-none-eabi-gcc/4.8.3-2014q1/bin/../lib/gcc/arm-none-eabi/4.8.3/../../../../arm-none-eabi/lib/armv7-m\libm.a(lib_a-w_log.o)
                0x000879bc                log
 .text.pow      0x00087aa0      0x2f8 c:/programdata/matlab/supportpackages/r2022b/aide/portable/packages/arduino/tools/arm-none-eabi-gcc/4.8.3-2014q1/bin/../lib/gcc/arm-none-eabi/4.8.3/../../../../arm-none-eabi/lib/armv7-m\libm.a(lib_a-w_pow.o)
                0x00087aa0                pow
 .text.sqrt     0x00087d98       0xac c:/programdata/matlab/supportpackages/r2022b/aide/portable/packages/arduino/tools/arm-none-eabi-gcc/4.8.3-2014q1/bin/../lib/gcc/arm-none-eabi/4.8.3/../../../../arm-none-eabi/lib/armv7-m\libm.a(lib_a-w_sqrt.o)
                0x00087d98                sqrt
 .text.__ieee754_fmod
                0x00087e44      0x278 c:/programdata/matlab/supportpackages/r2022b/aide/portable/packages/arduino/tools/arm-none-eabi-gcc/4.8.3-2014q1/bin/../lib/gcc/arm-none-eabi/4.8.3/../../../../arm-none-eabi/lib/armv7-m\libm.a(lib_a-e_fmod.o)
                0x00087e44                __ieee754_fmod
 *fill*         0x000880bc        0x4 
 .text.__ieee754_log
                0x000880c0      0x3f0 c:/programdata/matlab/supportpackages/r2022b/aide/portable/packages/arduino/tools/arm-none-eabi-gcc/4.8.3-2014q1/bin/../lib/gcc/arm-none-eabi/4.8.3/../../../../arm-none-eabi/lib/armv7-m\libm.a(lib_a-e_log.o)
                0x000880c0                __ieee754_log
 .text.__ieee754_pow
                0x000884b0      0xab8 c:/programdata/matlab/supportpackages/r2022b/aide/portable/packages/arduino/tools/arm-none-eabi-gcc/4.8.3-2014q1/bin/../lib/gcc/arm-none-eabi/4.8.3/../../../../arm-none-eabi/lib/armv7-m\libm.a(lib_a-e_pow.o)
                0x000884b0                __ieee754_pow
 .text.__ieee754_sqrt
                0x00088f68      0x180 c:/programdata/matlab/supportpackages/r2022b/aide/portable/packages/arduino/tools/arm-none-eabi-gcc/4.8.3-2014q1/bin/../lib/gcc/arm-none-eabi/4.8.3/../../../../arm-none-eabi/lib/armv7-m\libm.a(lib_a-e_sqrt.o)
                0x00088f68                __ieee754_sqrt
 .text.copysign
                0x000890e8       0x14 c:/programdata/matlab/supportpackages/r2022b/aide/portable/packages/arduino/tools/arm-none-eabi-gcc/4.8.3-2014q1/bin/../lib/gcc/arm-none-eabi/4.8.3/../../../../arm-none-eabi/lib/armv7-m\libm.a(lib_a-s_copysign.o)
                0x000890e8                copysign
 .text.fabs     0x000890fc        0x8 c:/programdata/matlab/supportpackages/r2022b/aide/portable/packages/arduino/tools/arm-none-eabi-gcc/4.8.3-2014q1/bin/../lib/gcc/arm-none-eabi/4.8.3/../../../../arm-none-eabi/lib/armv7-m\libm.a(lib_a-s_fabs.o)
                0x000890fc                fabs
 .text.finite   0x00089104        0xc c:/programdata/matlab/supportpackages/r2022b/aide/portable/packages/arduino/tools/arm-none-eabi-gcc/4.8.3-2014q1/bin/../lib/gcc/arm-none-eabi/4.8.3/../../../../arm-none-eabi/lib/armv7-m\libm.a(lib_a-s_finite.o)
                0x00089104                finite
 .text.matherr  0x00089110        0x4 c:/programdata/matlab/supportpackages/r2022b/aide/portable/packages/arduino/tools/arm-none-eabi-gcc/4.8.3-2014q1/bin/../lib/gcc/arm-none-eabi/4.8.3/../../../../arm-none-eabi/lib/armv7-m\libm.a(lib_a-s_matherr.o)
                0x00089110                matherr
 .text.nan      0x00089114        0xc c:/programdata/matlab/supportpackages/r2022b/aide/portable/packages/arduino/tools/arm-none-eabi-gcc/4.8.3-2014q1/bin/../lib/gcc/arm-none-eabi/4.8.3/../../../../arm-none-eabi/lib/armv7-m\libm.a(lib_a-s_nan.o)
                0x00089114                nan
 .text.rint     0x00089120      0x118 c:/programdata/matlab/supportpackages/r2022b/aide/portable/packages/arduino/tools/arm-none-eabi-gcc/4.8.3-2014q1/bin/../lib/gcc/arm-none-eabi/4.8.3/../../../../arm-none-eabi/lib/armv7-m\libm.a(lib_a-s_rint.o)
                0x00089120                rint
 .text          0x00089238      0x370 c:/programdata/matlab/supportpackages/r2022b/aide/portable/packages/arduino/tools/arm-none-eabi-gcc/4.8.3-2014q1/bin/../lib/gcc/arm-none-eabi/4.8.3/armv7-m\libgcc.a(_arm_addsubdf3.o)
                0x00089238                __aeabi_drsub
                0x00089240                __aeabi_dsub
                0x00089240                __subdf3
                0x00089244                __aeabi_dadd
                0x00089244                __adddf3
                0x000894bc                __floatunsidf
                0x000894bc                __aeabi_ui2d
                0x000894dc                __floatsidf
                0x000894dc                __aeabi_i2d
                0x00089500                __aeabi_f2d
                0x00089500                __extendsfdf2
                0x0008953c                __floatundidf
                0x0008953c                __aeabi_ul2d
                0x0008954c                __floatdidf
                0x0008954c                __aeabi_l2d
 .text          0x000895a8      0x424 c:/programdata/matlab/supportpackages/r2022b/aide/portable/packages/arduino/tools/arm-none-eabi-gcc/4.8.3-2014q1/bin/../lib/gcc/arm-none-eabi/4.8.3/armv7-m\libgcc.a(_arm_muldivdf3.o)
                0x000895a8                __aeabi_dmul
                0x000895a8                __muldf3
                0x000897fc                __divdf3
                0x000897fc                __aeabi_ddiv
 .text          0x000899cc      0x110 c:/programdata/matlab/supportpackages/r2022b/aide/portable/packages/arduino/tools/arm-none-eabi-gcc/4.8.3-2014q1/bin/../lib/gcc/arm-none-eabi/4.8.3/armv7-m\libgcc.a(_arm_cmpdf2.o)
                0x000899cc                __gtdf2
                0x000899cc                __gedf2
                0x000899d4                __ltdf2
                0x000899d4                __ledf2
                0x000899dc                __nedf2
                0x000899dc                __eqdf2
                0x000899dc                __cmpdf2
                0x00089a58                __aeabi_cdrcmple
                0x00089a68                __aeabi_cdcmpeq
                0x00089a68                __aeabi_cdcmple
                0x00089a78                __aeabi_dcmpeq
                0x00089a8c                __aeabi_dcmplt
                0x00089aa0                __aeabi_dcmple
                0x00089ab4                __aeabi_dcmpge
                0x00089ac8                __aeabi_dcmpgt
 .text          0x00089adc       0x50 c:/programdata/matlab/supportpackages/r2022b/aide/portable/packages/arduino/tools/arm-none-eabi-gcc/4.8.3-2014q1/bin/../lib/gcc/arm-none-eabi/4.8.3/armv7-m\libgcc.a(_arm_fixdfsi.o)
                0x00089adc                __aeabi_d2iz
                0x00089adc                __fixdfsi
 .text          0x00089b2c       0x40 c:/programdata/matlab/supportpackages/r2022b/aide/portable/packages/arduino/tools/arm-none-eabi-gcc/4.8.3-2014q1/bin/../lib/gcc/arm-none-eabi/4.8.3/armv7-m\libgcc.a(_arm_fixunsdfsi.o)
                0x00089b2c                __aeabi_d2uiz
                0x00089b2c                __fixunsdfsi
 .text.__assert_func
                0x00089b6c       0x3c c:/programdata/matlab/supportpackages/r2022b/aide/portable/packages/arduino/tools/arm-none-eabi-gcc/4.8.3-2014q1/bin/../lib/gcc/arm-none-eabi/4.8.3/../../../../arm-none-eabi/lib/armv7-m\libg.a(lib_a-assert.o)
                0x00089b6c                __assert_func
 .text.__errno  0x00089ba8        0xc c:/programdata/matlab/supportpackages/r2022b/aide/portable/packages/arduino/tools/arm-none-eabi-gcc/4.8.3-2014q1/bin/../lib/gcc/arm-none-eabi/4.8.3/../../../../arm-none-eabi/lib/armv7-m\libg.a(lib_a-errno.o)
                0x00089ba8                __errno
 .text.fiprintf
                0x00089bb4       0x28 c:/programdata/matlab/supportpackages/r2022b/aide/portable/packages/arduino/tools/arm-none-eabi-gcc/4.8.3-2014q1/bin/../lib/gcc/arm-none-eabi/4.8.3/../../../../arm-none-eabi/lib/armv7-m\libg.a(lib_a-fiprintf.o)
                0x00089bb4                fiprintf
 .text.__libc_init_array
                0x00089bdc       0x50 c:/programdata/matlab/supportpackages/r2022b/aide/portable/packages/arduino/tools/arm-none-eabi-gcc/4.8.3-2014q1/bin/../lib/gcc/arm-none-eabi/4.8.3/../../../../arm-none-eabi/lib/armv7-m\libg.a(lib_a-init.o)
                0x00089bdc                __libc_init_array
 .text          0x00089c2c       0xec c:/programdata/matlab/supportpackages/r2022b/aide/portable/packages/arduino/tools/arm-none-eabi-gcc/4.8.3-2014q1/bin/../lib/gcc/arm-none-eabi/4.8.3/../../../../arm-none-eabi/lib/armv7-m\libg.a(lib_a-memcpy.o)
                0x00089c2c                memcpy
 .text.memset   0x00089d18       0x94 c:/programdata/matlab/supportpackages/r2022b/aide/portable/packages/arduino/tools/arm-none-eabi-gcc/4.8.3-2014q1/bin/../lib/gcc/arm-none-eabi/4.8.3/../../../../arm-none-eabi/lib/armv7-m\libg.a(lib_a-memset.o)
                0x00089d18                memset
 .text.strlen   0x00089dac       0x60 c:/programdata/matlab/supportpackages/r2022b/aide/portable/packages/arduino/tools/arm-none-eabi-gcc/4.8.3-2014q1/bin/../lib/gcc/arm-none-eabi/4.8.3/../../../../arm-none-eabi/lib/armv7-m\libg.a(lib_a-strlen.o)
                0x00089dac                strlen
 .text.kill     0x00089e0c       0x10 c:/programdata/matlab/supportpackages/r2022b/aide/portable/packages/arduino/tools/arm-none-eabi-gcc/4.8.3-2014q1/bin/../lib/gcc/arm-none-eabi/4.8.3/../../../../arm-none-eabi/lib/armv7-m\libg.a(lib_a-syskill.o)
                0x00089e0c                kill
 .text.__sprint_r.part.0
                0x00089e1c       0x78 c:/programdata/matlab/supportpackages/r2022b/aide/portable/packages/arduino/tools/arm-none-eabi-gcc/4.8.3-2014q1/bin/../lib/gcc/arm-none-eabi/4.8.3/../../../../arm-none-eabi/lib/armv7-m\libg.a(lib_a-vfiprintf.o)
 .text._vfiprintf_r
                0x00089e94      0xc54 c:/programdata/matlab/supportpackages/r2022b/aide/portable/packages/arduino/tools/arm-none-eabi-gcc/4.8.3-2014q1/bin/../lib/gcc/arm-none-eabi/4.8.3/../../../../arm-none-eabi/lib/armv7-m\libg.a(lib_a-vfiprintf.o)
                0x00089e94                _vfiprintf_r
 .text.__sbprintf
                0x0008aae8       0x7c c:/programdata/matlab/supportpackages/r2022b/aide/portable/packages/arduino/tools/arm-none-eabi-gcc/4.8.3-2014q1/bin/../lib/gcc/arm-none-eabi/4.8.3/../../../../arm-none-eabi/lib/armv7-m\libg.a(lib_a-vfiprintf.o)
 .text.__swsetup_r
                0x0008ab64       0xc4 c:/programdata/matlab/supportpackages/r2022b/aide/portable/packages/arduino/tools/arm-none-eabi-gcc/4.8.3-2014q1/bin/../lib/gcc/arm-none-eabi/4.8.3/../../../../arm-none-eabi/lib/armv7-m\libg.a(lib_a-wsetup.o)
                0x0008ab64                __swsetup_r
 .text.startup.register_fini
                0x0008ac28       0x14 c:/programdata/matlab/supportpackages/r2022b/aide/portable/packages/arduino/tools/arm-none-eabi-gcc/4.8.3-2014q1/bin/../lib/gcc/arm-none-eabi/4.8.3/../../../../arm-none-eabi/lib/armv7-m\libg.a(lib_a-__call_atexit.o)
 .text.abort    0x0008ac3c       0x10 c:/programdata/matlab/supportpackages/r2022b/aide/portable/packages/arduino/tools/arm-none-eabi-gcc/4.8.3-2014q1/bin/../lib/gcc/arm-none-eabi/4.8.3/../../../../arm-none-eabi/lib/armv7-m\libg.a(lib_a-abort.o)
                0x0008ac3c                abort
 .text.atexit   0x0008ac4c        0xc c:/programdata/matlab/supportpackages/r2022b/aide/portable/packages/arduino/tools/arm-none-eabi-gcc/4.8.3-2014q1/bin/../lib/gcc/arm-none-eabi/4.8.3/../../../../arm-none-eabi/lib/armv7-m\libg.a(lib_a-atexit.o)
                0x0008ac4c                atexit
 .text.__sflush_r
                0x0008ac58      0x148 c:/programdata/matlab/supportpackages/r2022b/aide/portable/packages/arduino/tools/arm-none-eabi-gcc/4.8.3-2014q1/bin/../lib/gcc/arm-none-eabi/4.8.3/../../../../arm-none-eabi/lib/armv7-m\libg.a(lib_a-fflush.o)
                0x0008ac58                __sflush_r
 .text._fflush_r
                0x0008ada0       0x2c c:/programdata/matlab/supportpackages/r2022b/aide/portable/packages/arduino/tools/arm-none-eabi-gcc/4.8.3-2014q1/bin/../lib/gcc/arm-none-eabi/4.8.3/../../../../arm-none-eabi/lib/armv7-m\libg.a(lib_a-fflush.o)
                0x0008ada0                _fflush_r
 .text._cleanup_r
                0x0008adcc        0xc c:/programdata/matlab/supportpackages/r2022b/aide/portable/packages/arduino/tools/arm-none-eabi-gcc/4.8.3-2014q1/bin/../lib/gcc/arm-none-eabi/4.8.3/../../../../arm-none-eabi/lib/armv7-m\libg.a(lib_a-findfp.o)
                0x0008adcc                _cleanup_r
 .text.__sinit  0x0008add8       0xf4 c:/programdata/matlab/supportpackages/r2022b/aide/portable/packages/arduino/tools/arm-none-eabi-gcc/4.8.3-2014q1/bin/../lib/gcc/arm-none-eabi/4.8.3/../../../../arm-none-eabi/lib/armv7-m\libg.a(lib_a-findfp.o)
                0x0008add8                __sinit
 .text.__sfp_lock_acquire
                0x0008aecc        0x4 c:/programdata/matlab/supportpackages/r2022b/aide/portable/packages/arduino/tools/arm-none-eabi-gcc/4.8.3-2014q1/bin/../lib/gcc/arm-none-eabi/4.8.3/../../../../arm-none-eabi/lib/armv7-m\libg.a(lib_a-findfp.o)
                0x0008aecc                __sfp_lock_acquire
 .text.__sfp_lock_release
                0x0008aed0        0x4 c:/programdata/matlab/supportpackages/r2022b/aide/portable/packages/arduino/tools/arm-none-eabi-gcc/4.8.3-2014q1/bin/../lib/gcc/arm-none-eabi/4.8.3/../../../../arm-none-eabi/lib/armv7-m\libg.a(lib_a-findfp.o)
                0x0008aed0                __sfp_lock_release
 .text.__libc_fini_array
                0x0008aed4       0x30 c:/programdata/matlab/supportpackages/r2022b/aide/portable/packages/arduino/tools/arm-none-eabi-gcc/4.8.3-2014q1/bin/../lib/gcc/arm-none-eabi/4.8.3/../../../../arm-none-eabi/lib/armv7-m\libg.a(lib_a-fini.o)
                0x0008aed4                __libc_fini_array
 .text._fputwc_r
                0x0008af04       0xc0 c:/programdata/matlab/supportpackages/r2022b/aide/portable/packages/arduino/tools/arm-none-eabi-gcc/4.8.3-2014q1/bin/../lib/gcc/arm-none-eabi/4.8.3/../../../../arm-none-eabi/lib/armv7-m\libg.a(lib_a-fputwc.o)
                0x0008af04                _fputwc_r
 .text._malloc_trim_r
                0x0008afc4       0x9c c:/programdata/matlab/supportpackages/r2022b/aide/portable/packages/arduino/tools/arm-none-eabi-gcc/4.8.3-2014q1/bin/../lib/gcc/arm-none-eabi/4.8.3/../../../../arm-none-eabi/lib/armv7-m\libg.a(lib_a-freer.o)
                0x0008afc4                _malloc_trim_r
 .text._free_r  0x0008b060      0x198 c:/programdata/matlab/supportpackages/r2022b/aide/portable/packages/arduino/tools/arm-none-eabi-gcc/4.8.3-2014q1/bin/../lib/gcc/arm-none-eabi/4.8.3/../../../../arm-none-eabi/lib/armv7-m\libg.a(lib_a-freer.o)
                0x0008b060                _free_r
 .text.__sfvwrite_r
                0x0008b1f8      0x314 c:/programdata/matlab/supportpackages/r2022b/aide/portable/packages/arduino/tools/arm-none-eabi-gcc/4.8.3-2014q1/bin/../lib/gcc/arm-none-eabi/4.8.3/../../../../arm-none-eabi/lib/armv7-m\libg.a(lib_a-fvwrite.o)
                0x0008b1f8                __sfvwrite_r
 .text._fwalk   0x0008b50c       0x48 c:/programdata/matlab/supportpackages/r2022b/aide/portable/packages/arduino/tools/arm-none-eabi-gcc/4.8.3-2014q1/bin/../lib/gcc/arm-none-eabi/4.8.3/../../../../arm-none-eabi/lib/armv7-m\libg.a(lib_a-fwalk.o)
                0x0008b50c                _fwalk
 .text.__locale_charset
                0x0008b554        0x8 c:/programdata/matlab/supportpackages/r2022b/aide/portable/packages/arduino/tools/arm-none-eabi-gcc/4.8.3-2014q1/bin/../lib/gcc/arm-none-eabi/4.8.3/../../../../arm-none-eabi/lib/armv7-m\libg.a(lib_a-locale.o)
                0x0008b554                __locale_charset
 .text.__locale_mb_cur_max
                0x0008b55c        0xc c:/programdata/matlab/supportpackages/r2022b/aide/portable/packages/arduino/tools/arm-none-eabi-gcc/4.8.3-2014q1/bin/../lib/gcc/arm-none-eabi/4.8.3/../../../../arm-none-eabi/lib/armv7-m\libg.a(lib_a-locale.o)
                0x0008b55c                __locale_mb_cur_max
 .text.__smakebuf_r
                0x0008b568       0xe0 c:/programdata/matlab/supportpackages/r2022b/aide/portable/packages/arduino/tools/arm-none-eabi-gcc/4.8.3-2014q1/bin/../lib/gcc/arm-none-eabi/4.8.3/../../../../arm-none-eabi/lib/armv7-m\libg.a(lib_a-makebuf.o)
                0x0008b568                __smakebuf_r
 .text._malloc_r
                0x0008b648      0x538 c:/programdata/matlab/supportpackages/r2022b/aide/portable/packages/arduino/tools/arm-none-eabi-gcc/4.8.3-2014q1/bin/../lib/gcc/arm-none-eabi/4.8.3/../../../../arm-none-eabi/lib/armv7-m\libg.a(lib_a-mallocr.o)
                0x0008b648                _malloc_r
 .text.memchr   0x0008bb80       0x94 c:/programdata/matlab/supportpackages/r2022b/aide/portable/packages/arduino/tools/arm-none-eabi-gcc/4.8.3-2014q1/bin/../lib/gcc/arm-none-eabi/4.8.3/../../../../arm-none-eabi/lib/armv7-m\libg.a(lib_a-memchr-stub.o)
                0x0008bb80                memchr
 .text.memmove  0x0008bc14       0xcc c:/programdata/matlab/supportpackages/r2022b/aide/portable/packages/arduino/tools/arm-none-eabi-gcc/4.8.3-2014q1/bin/../lib/gcc/arm-none-eabi/4.8.3/../../../../arm-none-eabi/lib/armv7-m\libg.a(lib_a-memmove.o)
                0x0008bc14                memmove
 .text.__malloc_lock
                0x0008bce0        0x4 c:/programdata/matlab/supportpackages/r2022b/aide/portable/packages/arduino/tools/arm-none-eabi-gcc/4.8.3-2014q1/bin/../lib/gcc/arm-none-eabi/4.8.3/../../../../arm-none-eabi/lib/armv7-m\libg.a(lib_a-mlock.o)
                0x0008bce0                __malloc_lock
 .text.__malloc_unlock
                0x0008bce4        0x4 c:/programdata/matlab/supportpackages/r2022b/aide/portable/packages/arduino/tools/arm-none-eabi-gcc/4.8.3-2014q1/bin/../lib/gcc/arm-none-eabi/4.8.3/../../../../arm-none-eabi/lib/armv7-m\libg.a(lib_a-mlock.o)
                0x0008bce4                __malloc_unlock
 .text._realloc_r
                0x0008bce8      0x3c0 c:/programdata/matlab/supportpackages/r2022b/aide/portable/packages/arduino/tools/arm-none-eabi-gcc/4.8.3-2014q1/bin/../lib/gcc/arm-none-eabi/4.8.3/../../../../arm-none-eabi/lib/armv7-m\libg.a(lib_a-reallocr.o)
                0x0008bce8                _realloc_r
 .text._sbrk_r  0x0008c0a8       0x24 c:/programdata/matlab/supportpackages/r2022b/aide/portable/packages/arduino/tools/arm-none-eabi-gcc/4.8.3-2014q1/bin/../lib/gcc/arm-none-eabi/4.8.3/../../../../arm-none-eabi/lib/armv7-m\libg.a(lib_a-sbrkr.o)
                0x0008c0a8                _sbrk_r
 .text._raise_r
                0x0008c0cc       0x58 c:/programdata/matlab/supportpackages/r2022b/aide/portable/packages/arduino/tools/arm-none-eabi-gcc/4.8.3-2014q1/bin/../lib/gcc/arm-none-eabi/4.8.3/../../../../arm-none-eabi/lib/armv7-m\libg.a(lib_a-signal.o)
                0x0008c0cc                _raise_r
 .text.raise    0x0008c124       0x10 c:/programdata/matlab/supportpackages/r2022b/aide/portable/packages/arduino/tools/arm-none-eabi-gcc/4.8.3-2014q1/bin/../lib/gcc/arm-none-eabi/4.8.3/../../../../arm-none-eabi/lib/armv7-m\libg.a(lib_a-signal.o)
                0x0008c124                raise
 .text._kill_r  0x0008c134       0x28 c:/programdata/matlab/supportpackages/r2022b/aide/portable/packages/arduino/tools/arm-none-eabi-gcc/4.8.3-2014q1/bin/../lib/gcc/arm-none-eabi/4.8.3/../../../../arm-none-eabi/lib/armv7-m\libg.a(lib_a-signalr.o)
                0x0008c134                _kill_r
 .text._getpid_r
                0x0008c15c        0x4 c:/programdata/matlab/supportpackages/r2022b/aide/portable/packages/arduino/tools/arm-none-eabi-gcc/4.8.3-2014q1/bin/../lib/gcc/arm-none-eabi/4.8.3/../../../../arm-none-eabi/lib/armv7-m\libg.a(lib_a-signalr.o)
                0x0008c15c                _getpid_r
 .text.__sread  0x0008c160       0x24 c:/programdata/matlab/supportpackages/r2022b/aide/portable/packages/arduino/tools/arm-none-eabi-gcc/4.8.3-2014q1/bin/../lib/gcc/arm-none-eabi/4.8.3/../../../../arm-none-eabi/lib/armv7-m\libg.a(lib_a-stdio.o)
                0x0008c160                __sread
 .text.__swrite
                0x0008c184       0x38 c:/programdata/matlab/supportpackages/r2022b/aide/portable/packages/arduino/tools/arm-none-eabi-gcc/4.8.3-2014q1/bin/../lib/gcc/arm-none-eabi/4.8.3/../../../../arm-none-eabi/lib/armv7-m\libg.a(lib_a-stdio.o)
                0x0008c184                __swrite
 .text.__sseek  0x0008c1bc       0x20 c:/programdata/matlab/supportpackages/r2022b/aide/portable/packages/arduino/tools/arm-none-eabi-gcc/4.8.3-2014q1/bin/../lib/gcc/arm-none-eabi/4.8.3/../../../../arm-none-eabi/lib/armv7-m\libg.a(lib_a-stdio.o)
                0x0008c1bc                __sseek
 .text.__sclose
                0x0008c1dc        0x8 c:/programdata/matlab/supportpackages/r2022b/aide/portable/packages/arduino/tools/arm-none-eabi-gcc/4.8.3-2014q1/bin/../lib/gcc/arm-none-eabi/4.8.3/../../../../arm-none-eabi/lib/armv7-m\libg.a(lib_a-stdio.o)
                0x0008c1dc                __sclose
 .text.__swbuf_r
                0x0008c1e4       0xa8 c:/programdata/matlab/supportpackages/r2022b/aide/portable/packages/arduino/tools/arm-none-eabi-gcc/4.8.3-2014q1/bin/../lib/gcc/arm-none-eabi/4.8.3/../../../../arm-none-eabi/lib/armv7-m\libg.a(lib_a-wbuf.o)
                0x0008c1e4                __swbuf_r
 .text._wcrtomb_r
                0x0008c28c       0x50 c:/programdata/matlab/supportpackages/r2022b/aide/portable/packages/arduino/tools/arm-none-eabi-gcc/4.8.3-2014q1/bin/../lib/gcc/arm-none-eabi/4.8.3/../../../../arm-none-eabi/lib/armv7-m\libg.a(lib_a-wcrtomb.o)
                0x0008c28c                _wcrtomb_r
 .text.__ascii_wctomb
                0x0008c2dc       0x1c c:/programdata/matlab/supportpackages/r2022b/aide/portable/packages/arduino/tools/arm-none-eabi-gcc/4.8.3-2014q1/bin/../lib/gcc/arm-none-eabi/4.8.3/../../../../arm-none-eabi/lib/armv7-m\libg.a(lib_a-wctomb_r.o)
                0x0008c2dc                __ascii_wctomb
 .text._write_r
                0x0008c2f8       0x28 c:/programdata/matlab/supportpackages/r2022b/aide/portable/packages/arduino/tools/arm-none-eabi-gcc/4.8.3-2014q1/bin/../lib/gcc/arm-none-eabi/4.8.3/../../../../arm-none-eabi/lib/armv7-m\libg.a(lib_a-writer.o)
                0x0008c2f8                _write_r
 .text.__register_exitproc
                0x0008c320       0xa8 c:/programdata/matlab/supportpackages/r2022b/aide/portable/packages/arduino/tools/arm-none-eabi-gcc/4.8.3-2014q1/bin/../lib/gcc/arm-none-eabi/4.8.3/../../../../arm-none-eabi/lib/armv7-m\libg.a(lib_a-__atexit.o)
                0x0008c320                __register_exitproc
 .text._close_r
                0x0008c3c8       0x24 c:/programdata/matlab/supportpackages/r2022b/aide/portable/packages/arduino/tools/arm-none-eabi-gcc/4.8.3-2014q1/bin/../lib/gcc/arm-none-eabi/4.8.3/../../../../arm-none-eabi/lib/armv7-m\libg.a(lib_a-closer.o)
                0x0008c3c8                _close_r
 .text._fclose_r
                0x0008c3ec       0x80 c:/programdata/matlab/supportpackages/r2022b/aide/portable/packages/arduino/tools/arm-none-eabi-gcc/4.8.3-2014q1/bin/../lib/gcc/arm-none-eabi/4.8.3/../../../../arm-none-eabi/lib/armv7-m\libg.a(lib_a-fclose.o)
                0x0008c3ec                _fclose_r
 .text.fclose   0x0008c46c       0x10 c:/programdata/matlab/supportpackages/r2022b/aide/portable/packages/arduino/tools/arm-none-eabi-gcc/4.8.3-2014q1/bin/../lib/gcc/arm-none-eabi/4.8.3/../../../../arm-none-eabi/lib/armv7-m\libg.a(lib_a-fclose.o)
                0x0008c46c                fclose
 .text._fstat_r
                0x0008c47c       0x28 c:/programdata/matlab/supportpackages/r2022b/aide/portable/packages/arduino/tools/arm-none-eabi-gcc/4.8.3-2014q1/bin/../lib/gcc/arm-none-eabi/4.8.3/../../../../arm-none-eabi/lib/armv7-m\libg.a(lib_a-fstatr.o)
                0x0008c47c                _fstat_r
 .text._isatty_r
                0x0008c4a4       0x24 c:/programdata/matlab/supportpackages/r2022b/aide/portable/packages/arduino/tools/arm-none-eabi-gcc/4.8.3-2014q1/bin/../lib/gcc/arm-none-eabi/4.8.3/../../../../arm-none-eabi/lib/armv7-m\libg.a(lib_a-isattyr.o)
                0x0008c4a4                _isatty_r
 .text._lseek_r
                0x0008c4c8       0x28 c:/programdata/matlab/supportpackages/r2022b/aide/portable/packages/arduino/tools/arm-none-eabi-gcc/4.8.3-2014q1/bin/../lib/gcc/arm-none-eabi/4.8.3/../../../../arm-none-eabi/lib/armv7-m\libg.a(lib_a-lseekr.o)
                0x0008c4c8                _lseek_r
 .text._read_r  0x0008c4f0       0x28 c:/programdata/matlab/supportpackages/r2022b/aide/portable/packages/arduino/tools/arm-none-eabi-gcc/4.8.3-2014q1/bin/../lib/gcc/arm-none-eabi/4.8.3/../../../../arm-none-eabi/lib/armv7-m\libg.a(lib_a-readr.o)
                0x0008c4f0                _read_r
 .text          0x0008c518       0x2c c:/programdata/matlab/supportpackages/r2022b/aide/portable/packages/arduino/tools/arm-none-eabi-gcc/4.8.3-2014q1/bin/../lib/gcc/arm-none-eabi/4.8.3/armv7-m\libgcc.a(_aeabi_uldivmod.o)
                0x0008c518                __aeabi_uldivmod
 .text          0x0008c544       0x60 c:/programdata/matlab/supportpackages/r2022b/aide/portable/packages/arduino/tools/arm-none-eabi-gcc/4.8.3-2014q1/bin/../lib/gcc/arm-none-eabi/4.8.3/armv7-m\libgcc.a(bpabi.o)
                0x0008c544                __gnu_ldivmod_helper
                0x0008c574                __gnu_uldivmod_helper
 .text          0x0008c5a4        0x4 c:/programdata/matlab/supportpackages/r2022b/aide/portable/packages/arduino/tools/arm-none-eabi-gcc/4.8.3-2014q1/bin/../lib/gcc/arm-none-eabi/4.8.3/armv7-m\libgcc.a(_dvmd_tls.o)
                0x0008c5a4                __aeabi_idiv0
                0x0008c5a4                __aeabi_ldiv0
 .text          0x0008c5a8      0x2a0 c:/programdata/matlab/supportpackages/r2022b/aide/portable/packages/arduino/tools/arm-none-eabi-gcc/4.8.3-2014q1/bin/../lib/gcc/arm-none-eabi/4.8.3/armv7-m\libgcc.a(_divdi3.o)
                0x0008c5a8                __divdi3
 .text          0x0008c848      0x290 c:/programdata/matlab/supportpackages/r2022b/aide/portable/packages/arduino/tools/arm-none-eabi-gcc/4.8.3-2014q1/bin/../lib/gcc/arm-none-eabi/4.8.3/armv7-m\libgcc.a(_udivdi3.o)
                0x0008c848                __udivdi3
 *(.glue_7t)
 .glue_7t       0x00000000        0x0 linker stubs
 *(.glue_7)
 .glue_7        0x00000000        0x0 linker stubs
 *(.rodata .rodata* .gnu.linkonce.r.*)
 .rodata.channelToTC.9471
                0x0008cad8       0x48 MW_PWMDriver.o
 .rodata.channelToChNo.9469
                0x0008cb20       0x48 MW_PWMDriver.o
 .rodata.channelToChNo.9486
                0x0008cb68       0x48 MW_PWMDriver.o
 .rodata.channelToAB.9470
                0x0008cbb0       0x48 MW_PWMDriver.o
 .rodata.channelToId.9489
                0x0008cbf8       0x48 MW_PWMDriver.o
 .rodata.channelToTC.9488
                0x0008cc40       0x48 MW_PWMDriver.o
 .rodata.str1.1
                0x0008cc88        0x5 DC_MOTOR_CONTROL.o
 .rodata.rtAlwaysEnabled.10614
                0x0008cc8d        0x1 DC_MOTOR_CONTROL.o
 *fill*         0x0008cc8e        0x2 
 .rodata.DC_MOTOR_CONTROL_M
                0x0008cc90        0x4 DC_MOTOR_CONTROL.o
                0x0008cc90                DC_MOTOR_CONTROL_M
 .rodata.standardSupportedRxPacket
                0x0008cc94       0x54 xcp_standard.o
 .rodata.daqSupportedRxPacket
                0x0008cce8       0x90 xcp_daq.o
 .rodata.calibrationSupportedRxPacket
                0x0008cd78       0x18 xcp_calibration.o
 .rodata.channelToId.9433
                0x0008cd90       0x48 C:/Users/mario/DOCUME~1/MATLAB/R2022b/ARDUIN~1/ARDUIN~1/FASTER~1/libcore.a(wiring_analog.o)
 .rodata.channelToTC.9432
                0x0008cdd8       0x48 C:/Users/mario/DOCUME~1/MATLAB/R2022b/ARDUIN~1/ARDUIN~1/FASTER~1/libcore.a(wiring_analog.o)
 .rodata.channelToChNo.9430
                0x0008ce20       0x48 C:/Users/mario/DOCUME~1/MATLAB/R2022b/ARDUIN~1/ARDUIN~1/FASTER~1/libcore.a(wiring_analog.o)
 .rodata.channelToAB.9431
                0x0008ce68       0x48 C:/Users/mario/DOCUME~1/MATLAB/R2022b/ARDUIN~1/ARDUIN~1/FASTER~1/libcore.a(wiring_analog.o)
 .rodata._ZTV9UARTClass
                0x0008ceb0       0x30 C:/Users/mario/DOCUME~1/MATLAB/R2022b/ARDUIN~1/ARDUIN~1/FASTER~1/libcore.a(UARTClass.o)
                0x0008ceb0                vtable for UARTClass
 .rodata._ZTV10USARTClass
                0x0008cee0       0x30 C:/Users/mario/DOCUME~1/MATLAB/R2022b/ARDUIN~1/ARDUIN~1/FASTER~1/libcore.a(USARTClass.o)
                0x0008cee0                vtable for USARTClass
 .rodata.g_APinDescription
                0x0008cf10      0xa2c C:/Users/mario/DOCUME~1/MATLAB/R2022b/ARDUIN~1/ARDUIN~1/FASTER~1/libcore.a(variant.o)
                0x0008cf10                g_APinDescription
 .rodata        0x0008d93c       0x2c C:/ProgramData/MATLAB/SupportPackages/R2022b/aIDE/portable/packages/arduino/hardware/sam/1.6.12/variants/arduino_due_x/libsam_sam3x8e_gcc_rel.a(pwmc.o)
 .rodata.__func__.6830
                0x0008d968       0x15 C:/ProgramData/MATLAB/SupportPackages/R2022b/aIDE/portable/packages/arduino/hardware/sam/1.6.12/variants/arduino_due_x/libsam_sam3x8e_gcc_rel.a(pwmc.o)
 .rodata.__func__.6841
                0x0008d97d       0x12 C:/ProgramData/MATLAB/SupportPackages/R2022b/aIDE/portable/packages/arduino/hardware/sam/1.6.12/variants/arduino_due_x/libsam_sam3x8e_gcc_rel.a(pwmc.o)
 .rodata.str1.1
                0x0008d98f      0x1cc C:/ProgramData/MATLAB/SupportPackages/R2022b/aIDE/portable/packages/arduino/hardware/sam/1.6.12/variants/arduino_due_x/libsam_sam3x8e_gcc_rel.a(pwmc.o)
 .rodata.__func__.6804
                0x0008db5b       0x16 C:/ProgramData/MATLAB/SupportPackages/R2022b/aIDE/portable/packages/arduino/hardware/sam/1.6.12/variants/arduino_due_x/libsam_sam3x8e_gcc_rel.a(pwmc.o)
 .rodata.__func__.6793
                0x0008db71       0x17 C:/ProgramData/MATLAB/SupportPackages/R2022b/aIDE/portable/packages/arduino/hardware/sam/1.6.12/variants/arduino_due_x/libsam_sam3x8e_gcc_rel.a(pwmc.o)
 .rodata.__func__.6792
                0x0008db88        0xd C:/ProgramData/MATLAB/SupportPackages/R2022b/aIDE/portable/packages/arduino/hardware/sam/1.6.12/variants/arduino_due_x/libsam_sam3x8e_gcc_rel.a(tc.o)
 .rodata.str1.1
                0x0008db95       0x54 C:/ProgramData/MATLAB/SupportPackages/R2022b/aIDE/portable/packages/arduino/hardware/sam/1.6.12/variants/arduino_due_x/libsam_sam3x8e_gcc_rel.a(tc.o)
 .rodata.__func__.6798
                0x0008dbe9        0x9 C:/ProgramData/MATLAB/SupportPackages/R2022b/aIDE/portable/packages/arduino/hardware/sam/1.6.12/variants/arduino_due_x/libsam_sam3x8e_gcc_rel.a(tc.o)
 *fill*         0x0008dbf2        0x2 
 .rodata        0x0008dbf4       0x40 C:/ProgramData/MATLAB/SupportPackages/R2022b/aIDE/portable/packages/arduino/hardware/sam/1.6.12/variants/arduino_due_x/libsam_sam3x8e_gcc_rel.a(adc.o)
 .rodata.str1.4
                0x0008dc34        0x5 c:/programdata/matlab/supportpackages/r2022b/aide/portable/packages/arduino/tools/arm-none-eabi-gcc/4.8.3-2014q1/bin/../lib/gcc/arm-none-eabi/4.8.3/../../../../arm-none-eabi/lib/armv7-m\libm.a(lib_a-w_fmod.o)
                                  0x8 (size before relaxing)
 *fill*         0x0008dc39        0x3 
 .rodata.str1.4
                0x0008dc3c        0x4 c:/programdata/matlab/supportpackages/r2022b/aide/portable/packages/arduino/tools/arm-none-eabi-gcc/4.8.3-2014q1/bin/../lib/gcc/arm-none-eabi/4.8.3/../../../../arm-none-eabi/lib/armv7-m\libm.a(lib_a-w_log.o)
                                  0x8 (size before relaxing)
 .rodata.str1.4
                0x0008dc40        0x4 c:/programdata/matlab/supportpackages/r2022b/aide/portable/packages/arduino/tools/arm-none-eabi-gcc/4.8.3-2014q1/bin/../lib/gcc/arm-none-eabi/4.8.3/../../../../arm-none-eabi/lib/armv7-m\libm.a(lib_a-w_pow.o)
 .rodata.str1.4
                0x0008dc44        0x5 c:/programdata/matlab/supportpackages/r2022b/aide/portable/packages/arduino/tools/arm-none-eabi-gcc/4.8.3-2014q1/bin/../lib/gcc/arm-none-eabi/4.8.3/../../../../arm-none-eabi/lib/armv7-m\libm.a(lib_a-w_sqrt.o)
                                  0x8 (size before relaxing)
 *fill*         0x0008dc49        0x7 
 .rodata.Zero   0x0008dc50       0x10 c:/programdata/matlab/supportpackages/r2022b/aide/portable/packages/arduino/tools/arm-none-eabi-gcc/4.8.3-2014q1/bin/../lib/gcc/arm-none-eabi/4.8.3/../../../../arm-none-eabi/lib/armv7-m\libm.a(lib_a-e_fmod.o)
 .rodata.dp_h   0x0008dc60       0x10 c:/programdata/matlab/supportpackages/r2022b/aide/portable/packages/arduino/tools/arm-none-eabi-gcc/4.8.3-2014q1/bin/../lib/gcc/arm-none-eabi/4.8.3/../../../../arm-none-eabi/lib/armv7-m\libm.a(lib_a-e_pow.o)
 .rodata.dp_l   0x0008dc70       0x10 c:/programdata/matlab/supportpackages/r2022b/aide/portable/packages/arduino/tools/arm-none-eabi-gcc/4.8.3-2014q1/bin/../lib/gcc/arm-none-eabi/4.8.3/../../../../arm-none-eabi/lib/armv7-m\libm.a(lib_a-e_pow.o)
 .rodata.bp     0x0008dc80       0x10 c:/programdata/matlab/supportpackages/r2022b/aide/portable/packages/arduino/tools/arm-none-eabi-gcc/4.8.3-2014q1/bin/../lib/gcc/arm-none-eabi/4.8.3/../../../../arm-none-eabi/lib/armv7-m\libm.a(lib_a-e_pow.o)
 .rodata.str1.4
                0x00000000        0x4 c:/programdata/matlab/supportpackages/r2022b/aide/portable/packages/arduino/tools/arm-none-eabi-gcc/4.8.3-2014q1/bin/../lib/gcc/arm-none-eabi/4.8.3/../../../../arm-none-eabi/lib/armv7-m\libm.a(lib_a-e_pow.o)
 .rodata.TWO52  0x0008dc90       0x10 c:/programdata/matlab/supportpackages/r2022b/aide/portable/packages/arduino/tools/arm-none-eabi-gcc/4.8.3-2014q1/bin/../lib/gcc/arm-none-eabi/4.8.3/../../../../arm-none-eabi/lib/armv7-m\libm.a(lib_a-s_rint.o)
 .rodata.str1.4
                0x0008dca0       0x3f c:/programdata/matlab/supportpackages/r2022b/aide/portable/packages/arduino/tools/arm-none-eabi-gcc/4.8.3-2014q1/bin/../lib/gcc/arm-none-eabi/4.8.3/../../../../arm-none-eabi/lib/armv7-m\libg.a(lib_a-assert.o)
                                 0x44 (size before relaxing)
 *fill*         0x0008dcdf        0x1 
 .rodata.str1.4
                0x0008dce0        0x2 c:/programdata/matlab/supportpackages/r2022b/aide/portable/packages/arduino/tools/arm-none-eabi-gcc/4.8.3-2014q1/bin/../lib/gcc/arm-none-eabi/4.8.3/../../../../arm-none-eabi/lib/armv7-m\libg.a(lib_a-impure.o)
                                  0x4 (size before relaxing)
 *fill*         0x0008dce2        0x2 
 .rodata._global_impure_ptr
                0x0008dce4        0x4 c:/programdata/matlab/supportpackages/r2022b/aide/portable/packages/arduino/tools/arm-none-eabi-gcc/4.8.3-2014q1/bin/../lib/gcc/arm-none-eabi/4.8.3/../../../../arm-none-eabi/lib/armv7-m\libg.a(lib_a-impure.o)
                0x0008dce4                _global_impure_ptr
 .rodata.blanks.6717
                0x0008dce8       0x10 c:/programdata/matlab/supportpackages/r2022b/aide/portable/packages/arduino/tools/arm-none-eabi-gcc/4.8.3-2014q1/bin/../lib/gcc/arm-none-eabi/4.8.3/../../../../arm-none-eabi/lib/armv7-m\libg.a(lib_a-vfiprintf.o)
 .rodata.str1.4
                0x0008dcf8       0x30 c:/programdata/matlab/supportpackages/r2022b/aide/portable/packages/arduino/tools/arm-none-eabi-gcc/4.8.3-2014q1/bin/../lib/gcc/arm-none-eabi/4.8.3/../../../../arm-none-eabi/lib/armv7-m\libg.a(lib_a-vfiprintf.o)
 .rodata.zeroes.6718
                0x0008dd28       0x10 c:/programdata/matlab/supportpackages/r2022b/aide/portable/packages/arduino/tools/arm-none-eabi-gcc/4.8.3-2014q1/bin/../lib/gcc/arm-none-eabi/4.8.3/../../../../arm-none-eabi/lib/armv7-m\libg.a(lib_a-vfiprintf.o)
 *(.ARM.extab* .gnu.linkonce.armextab.*)
                0x0008dd38                . = ALIGN (0x4)
 *(.init)
 .init          0x0008dd38        0x4 c:/programdata/matlab/supportpackages/r2022b/aide/portable/packages/arduino/tools/arm-none-eabi-gcc/4.8.3-2014q1/bin/../lib/gcc/arm-none-eabi/4.8.3/armv7-m/crti.o
                0x0008dd38                _init
 .init          0x0008dd3c        0x8 c:/programdata/matlab/supportpackages/r2022b/aide/portable/packages/arduino/tools/arm-none-eabi-gcc/4.8.3-2014q1/bin/../lib/gcc/arm-none-eabi/4.8.3/armv7-m/crtn.o
                0x0008dd44                . = ALIGN (0x4)
                0x0008dd44                __preinit_array_start = .
 *(.preinit_array)
                0x0008dd44                __preinit_array_end = .
                0x0008dd44                . = ALIGN (0x4)
                0x0008dd44                __init_array_start = .
 *(SORT(.init_array.*))
 .init_array.00000
                0x0008dd44        0x4 c:/programdata/matlab/supportpackages/r2022b/aide/portable/packages/arduino/tools/arm-none-eabi-gcc/4.8.3-2014q1/bin/../lib/gcc/arm-none-eabi/4.8.3/../../../../arm-none-eabi/lib/armv7-m\libg.a(lib_a-__call_atexit.o)
 *(.init_array)
 .init_array    0x0008dd48        0x4 c:/programdata/matlab/supportpackages/r2022b/aide/portable/packages/arduino/tools/arm-none-eabi-gcc/4.8.3-2014q1/bin/../lib/gcc/arm-none-eabi/4.8.3/armv7-m/crtbegin.o
 .init_array    0x0008dd4c        0x4 C:/Users/mario/DOCUME~1/MATLAB/R2022b/ARDUIN~1/ARDUIN~1/FASTER~1/libcore.a(variant.o)
                0x0008dd50                __init_array_end = .
                0x0008dd50                . = ALIGN (0x4)
 *crtbegin.o(.ctors)
 *(EXCLUDE_FILE(*crtend.o) .ctors)
 *(SORT(.ctors.*))
 *crtend.o(.ctors)
                0x0008dd50                . = ALIGN (0x4)
 *(.fini)
 .fini          0x0008dd50        0x4 c:/programdata/matlab/supportpackages/r2022b/aide/portable/packages/arduino/tools/arm-none-eabi-gcc/4.8.3-2014q1/bin/../lib/gcc/arm-none-eabi/4.8.3/armv7-m/crti.o
                0x0008dd50                _fini